/opt/Datasets/YUPENN_dynamic_scenes_data_set/frames/Street/street_30/ 33 11
/opt/Datasets/YUPENN_dynamic_scenes_data_set/frames/Elevator/elevator_29/ 49 1
/opt/Datasets/YUPENN_dynamic_scenes_data_set/frames/Street/street_29/ 81 11
/opt/Datasets/YUPENN_dynamic_scenes_data_set/frames/Elevator/elevator_28/ 65 1
/opt/Datasets/YUPENN_dynamic_scenes_data_set/frames/RushingRiver/rushing_river_30/ 1 8
/opt/Datasets/YUPENN_dynamic_scenes_data_set/frames/Elevator/elevator_28/ 97 1
/opt/Datasets/YUPENN_dynamic_scenes_data_set/frames/ForestFire/forest_fire_30/ 65 2
/opt/Datasets/YUPENN_dynamic_scenes_data_set/frames/Beach/beach_28/ 81 0
/opt/Datasets/YUPENN_dynamic_scenes_data_set/frames/Street/street_28/ 81 11
/opt/Datasets/YUPENN_dynamic_scenes_data_set/frames/Railway/railway_30/ 49 7
/opt/Datasets/YUPENN_dynamic_scenes_data_set/frames/Railway/railway_30/ 33 7
/opt/Datasets/YUPENN_dynamic_scenes_data_set/frames/LightningStorm/lightning_storm_30/ 65 5
/opt/Datasets/YUPENN_dynamic_scenes_data_set/frames/Street/street_28/ 129 11
/opt/Datasets/YUPENN_dynamic_scenes_data_set/frames/Elevator/elevator_29/ 129 1
/opt/Datasets/YUPENN_dynamic_scenes_data_set/frames/ForestFire/forest_fire_27/ 81 2
/opt/Datasets/YUPENN_dynamic_scenes_data_set/frames/Railway/railway_30/ 129 7
/opt/Datasets/YUPENN_dynamic_scenes_data_set/frames/Railway/railway_27/ 1 7
/opt/Datasets/YUPENN_dynamic_scenes_data_set/frames/LightningStorm/lightning_storm_28/ 81 5
/opt/Datasets/YUPENN_dynamic_scenes_data_set/frames/RushingRiver/rushing_river_30/ 49 8
/opt/Datasets/YUPENN_dynamic_scenes_data_set/frames/Railway/railway_27/ 33 7
/opt/Datasets/YUPENN_dynamic_scenes_data_set/frames/Elevator/elevator_30/ 33 1
/opt/Datasets/YUPENN_dynamic_scenes_data_set/frames/Snowing/snowing_28/ 97 10
/opt/Datasets/YUPENN_dynamic_scenes_data_set/frames/RushingRiver/rushing_river_29/ 113 8
/opt/Datasets/YUPENN_dynamic_scenes_data_set/frames/Railway/railway_28/ 65 7
/opt/Datasets/YUPENN_dynamic_scenes_data_set/frames/Snowing/snowing_30/ 241 10
/opt/Datasets/YUPENN_dynamic_scenes_data_set/frames/Street/street_30/ 81 11
/opt/Datasets/YUPENN_dynamic_scenes_data_set/frames/Ocean/ocean_30/ 113 6
/opt/Datasets/YUPENN_dynamic_scenes_data_set/frames/Street/street_30/ 17 11
/opt/Datasets/YUPENN_dynamic_scenes_data_set/frames/WindmillFarm/windmill_farm_29/ 129 13
/opt/Datasets/YUPENN_dynamic_scenes_data_set/frames/Elevator/elevator_27/ 113 1
/opt/Datasets/YUPENN_dynamic_scenes_data_set/frames/Waterfall/waterfall_27/ 17 12
/opt/Datasets/YUPENN_dynamic_scenes_data_set/frames/RushingRiver/rushing_river_27/ 97 8
/opt/Datasets/YUPENN_dynamic_scenes_data_set/frames/Waterfall/waterfall_28/ 81 12
/opt/Datasets/YUPENN_dynamic_scenes_data_set/frames/Railway/railway_29/ 81 7
/opt/Datasets/YUPENN_dynamic_scenes_data_set/frames/Highway/highway_29/ 17 4
/opt/Datasets/YUPENN_dynamic_scenes_data_set/frames/Highway/highway_30/ 49 4
/opt/Datasets/YUPENN_dynamic_scenes_data_set/frames/Beach/beach_29/ 81 0
/opt/Datasets/YUPENN_dynamic_scenes_data_set/frames/Sky-Clouds/sky_clouds_28/ 33 9
/opt/Datasets/YUPENN_dynamic_scenes_data_set/frames/Beach/beach_27/ 17 0
/opt/Datasets/YUPENN_dynamic_scenes_data_set/frames/Waterfall/waterfall_28/ 33 12
/opt/Datasets/YUPENN_dynamic_scenes_data_set/frames/ForestFire/forest_fire_28/ 33 2
/opt/Datasets/YUPENN_dynamic_scenes_data_set/frames/Elevator/elevator_30/ 113 1
/opt/Datasets/YUPENN_dynamic_scenes_data_set/frames/Snowing/snowing_29/ 17 10
/opt/Datasets/YUPENN_dynamic_scenes_data_set/frames/Elevator/elevator_30/ 1 1
/opt/Datasets/YUPENN_dynamic_scenes_data_set/frames/Ocean/ocean_27/ 65 6
/opt/Datasets/YUPENN_dynamic_scenes_data_set/frames/WindmillFarm/windmill_farm_30/ 113 13
/opt/Datasets/YUPENN_dynamic_scenes_data_set/frames/Street/street_29/ 33 11
/opt/Datasets/YUPENN_dynamic_scenes_data_set/frames/ForestFire/forest_fire_28/ 1 2
/opt/Datasets/YUPENN_dynamic_scenes_data_set/frames/Fountain/fountain_29/ 129 3
/opt/Datasets/YUPENN_dynamic_scenes_data_set/frames/RushingRiver/rushing_river_27/ 17 8
/opt/Datasets/YUPENN_dynamic_scenes_data_set/frames/Snowing/snowing_30/ 81 10
/opt/Datasets/YUPENN_dynamic_scenes_data_set/frames/Beach/beach_28/ 129 0
/opt/Datasets/YUPENN_dynamic_scenes_data_set/frames/RushingRiver/rushing_river_30/ 33 8
/opt/Datasets/YUPENN_dynamic_scenes_data_set/frames/Sky-Clouds/sky_clouds_29/ 1 9
/opt/Datasets/YUPENN_dynamic_scenes_data_set/frames/RushingRiver/rushing_river_28/ 129 8
/opt/Datasets/YUPENN_dynamic_scenes_data_set/frames/WindmillFarm/windmill_farm_27/ 1 13
/opt/Datasets/YUPENN_dynamic_scenes_data_set/frames/WindmillFarm/windmill_farm_28/ 145 13
/opt/Datasets/YUPENN_dynamic_scenes_data_set/frames/Snowing/snowing_29/ 113 10
/opt/Datasets/YUPENN_dynamic_scenes_data_set/frames/Beach/beach_28/ 65 0
/opt/Datasets/YUPENN_dynamic_scenes_data_set/frames/Street/street_28/ 49 11
/opt/Datasets/YUPENN_dynamic_scenes_data_set/frames/Snowing/snowing_30/ 289 10
/opt/Datasets/YUPENN_dynamic_scenes_data_set/frames/Snowing/snowing_30/ 17 10
/opt/Datasets/YUPENN_dynamic_scenes_data_set/frames/Ocean/ocean_29/ 1 6
/opt/Datasets/YUPENN_dynamic_scenes_data_set/frames/Highway/highway_29/ 65 4
/opt/Datasets/YUPENN_dynamic_scenes_data_set/frames/ForestFire/forest_fire_30/ 129 2
/opt/Datasets/YUPENN_dynamic_scenes_data_set/frames/WindmillFarm/windmill_farm_28/ 49 13
/opt/Datasets/YUPENN_dynamic_scenes_data_set/frames/Highway/highway_28/ 17 4
/opt/Datasets/YUPENN_dynamic_scenes_data_set/frames/Waterfall/waterfall_29/ 1 12
/opt/Datasets/YUPENN_dynamic_scenes_data_set/frames/LightningStorm/lightning_storm_30/ 81 5
/opt/Datasets/YUPENN_dynamic_scenes_data_set/frames/Beach/beach_29/ 1 0
/opt/Datasets/YUPENN_dynamic_scenes_data_set/frames/Snowing/snowing_28/ 17 10
/opt/Datasets/YUPENN_dynamic_scenes_data_set/frames/Waterfall/waterfall_29/ 97 12
/opt/Datasets/YUPENN_dynamic_scenes_data_set/frames/Fountain/fountain_27/ 97 3
/opt/Datasets/YUPENN_dynamic_scenes_data_set/frames/Elevator/elevator_28/ 81 1
/opt/Datasets/YUPENN_dynamic_scenes_data_set/frames/RushingRiver/rushing_river_27/ 65 8
/opt/Datasets/YUPENN_dynamic_scenes_data_set/frames/Waterfall/waterfall_30/ 97 12
/opt/Datasets/YUPENN_dynamic_scenes_data_set/frames/Ocean/ocean_30/ 17 6
/opt/Datasets/YUPENN_dynamic_scenes_data_set/frames/Beach/beach_27/ 65 0
/opt/Datasets/YUPENN_dynamic_scenes_data_set/frames/Fountain/fountain_28/ 81 3
/opt/Datasets/YUPENN_dynamic_scenes_data_set/frames/Elevator/elevator_28/ 1 1
/opt/Datasets/YUPENN_dynamic_scenes_data_set/frames/Waterfall/waterfall_28/ 113 12
/opt/Datasets/YUPENN_dynamic_scenes_data_set/frames/RushingRiver/rushing_river_28/ 49 8
/opt/Datasets/YUPENN_dynamic_scenes_data_set/frames/Railway/railway_30/ 81 7
/opt/Datasets/YUPENN_dynamic_scenes_data_set/frames/Street/street_29/ 17 11
/opt/Datasets/YUPENN_dynamic_scenes_data_set/frames/Highway/highway_27/ 97 4
/opt/Datasets/YUPENN_dynamic_scenes_data_set/frames/Snowing/snowing_30/ 257 10
/opt/Datasets/YUPENN_dynamic_scenes_data_set/frames/Snowing/snowing_28/ 113 10
/opt/Datasets/YUPENN_dynamic_scenes_data_set/frames/Sky-Clouds/sky_clouds_29/ 65 9
/opt/Datasets/YUPENN_dynamic_scenes_data_set/frames/Snowing/snowing_28/ 65 10
/opt/Datasets/YUPENN_dynamic_scenes_data_set/frames/Sky-Clouds/sky_clouds_30/ 17 9
/opt/Datasets/YUPENN_dynamic_scenes_data_set/frames/Fountain/fountain_29/ 113 3
/opt/Datasets/YUPENN_dynamic_scenes_data_set/frames/WindmillFarm/windmill_farm_30/ 17 13
/opt/Datasets/YUPENN_dynamic_scenes_data_set/frames/Beach/beach_28/ 17 0
/opt/Datasets/YUPENN_dynamic_scenes_data_set/frames/Street/street_29/ 129 11
/opt/Datasets/YUPENN_dynamic_scenes_data_set/frames/RushingRiver/rushing_river_29/ 17 8
/opt/Datasets/YUPENN_dynamic_scenes_data_set/frames/Sky-Clouds/sky_clouds_28/ 97 9
/opt/Datasets/YUPENN_dynamic_scenes_data_set/frames/Street/street_29/ 97 11
/opt/Datasets/YUPENN_dynamic_scenes_data_set/frames/RushingRiver/rushing_river_28/ 17 8
/opt/Datasets/YUPENN_dynamic_scenes_data_set/frames/Sky-Clouds/sky_clouds_28/ 129 9
/opt/Datasets/YUPENN_dynamic_scenes_data_set/frames/Highway/highway_30/ 129 4
/opt/Datasets/YUPENN_dynamic_scenes_data_set/frames/Waterfall/waterfall_30/ 81 12
/opt/Datasets/YUPENN_dynamic_scenes_data_set/frames/Beach/beach_30/ 1 0
/opt/Datasets/YUPENN_dynamic_scenes_data_set/frames/RushingRiver/rushing_river_27/ 81 8
/opt/Datasets/YUPENN_dynamic_scenes_data_set/frames/Railway/railway_28/ 81 7
/opt/Datasets/YUPENN_dynamic_scenes_data_set/frames/Elevator/elevator_28/ 33 1
/opt/Datasets/YUPENN_dynamic_scenes_data_set/frames/Elevator/elevator_29/ 113 1
/opt/Datasets/YUPENN_dynamic_scenes_data_set/frames/Highway/highway_29/ 97 4
/opt/Datasets/YUPENN_dynamic_scenes_data_set/frames/Street/street_28/ 65 11
/opt/Datasets/YUPENN_dynamic_scenes_data_set/frames/Ocean/ocean_28/ 129 6
/opt/Datasets/YUPENN_dynamic_scenes_data_set/frames/Fountain/fountain_29/ 17 3
/opt/Datasets/YUPENN_dynamic_scenes_data_set/frames/Highway/highway_30/ 97 4
/opt/Datasets/YUPENN_dynamic_scenes_data_set/frames/Beach/beach_28/ 49 0
/opt/Datasets/YUPENN_dynamic_scenes_data_set/frames/Snowing/snowing_29/ 65 10
/opt/Datasets/YUPENN_dynamic_scenes_data_set/frames/Highway/highway_29/ 49 4
/opt/Datasets/YUPENN_dynamic_scenes_data_set/frames/Fountain/fountain_29/ 97 3
/opt/Datasets/YUPENN_dynamic_scenes_data_set/frames/Beach/beach_29/ 65 0
/opt/Datasets/YUPENN_dynamic_scenes_data_set/frames/Snowing/snowing_30/ 97 10
/opt/Datasets/YUPENN_dynamic_scenes_data_set/frames/Street/street_30/ 1 11
/opt/Datasets/YUPENN_dynamic_scenes_data_set/frames/LightningStorm/lightning_storm_27/ 1 5
/opt/Datasets/YUPENN_dynamic_scenes_data_set/frames/Ocean/ocean_29/ 97 6
/opt/Datasets/YUPENN_dynamic_scenes_data_set/frames/Street/street_27/ 113 11
/opt/Datasets/YUPENN_dynamic_scenes_data_set/frames/Elevator/elevator_30/ 17 1
/opt/Datasets/YUPENN_dynamic_scenes_data_set/frames/Railway/railway_27/ 81 7
/opt/Datasets/YUPENN_dynamic_scenes_data_set/frames/Railway/railway_27/ 17 7
/opt/Datasets/YUPENN_dynamic_scenes_data_set/frames/Sky-Clouds/sky_clouds_30/ 33 9
/opt/Datasets/YUPENN_dynamic_scenes_data_set/frames/Beach/beach_30/ 113 0
/opt/Datasets/YUPENN_dynamic_scenes_data_set/frames/WindmillFarm/windmill_farm_28/ 113 13
/opt/Datasets/YUPENN_dynamic_scenes_data_set/frames/Ocean/ocean_30/ 1 6
/opt/Datasets/YUPENN_dynamic_scenes_data_set/frames/Street/street_27/ 97 11
/opt/Datasets/YUPENN_dynamic_scenes_data_set/frames/Ocean/ocean_30/ 33 6
/opt/Datasets/YUPENN_dynamic_scenes_data_set/frames/LightningStorm/lightning_storm_29/ 129 5
/opt/Datasets/YUPENN_dynamic_scenes_data_set/frames/Snowing/snowing_30/ 65 10
/opt/Datasets/YUPENN_dynamic_scenes_data_set/frames/Fountain/fountain_28/ 49 3
/opt/Datasets/YUPENN_dynamic_scenes_data_set/frames/Beach/beach_27/ 81 0
/opt/Datasets/YUPENN_dynamic_scenes_data_set/frames/Highway/highway_28/ 1 4
/opt/Datasets/YUPENN_dynamic_scenes_data_set/frames/Railway/railway_28/ 1 7
/opt/Datasets/YUPENN_dynamic_scenes_data_set/frames/Sky-Clouds/sky_clouds_29/ 49 9
/opt/Datasets/YUPENN_dynamic_scenes_data_set/frames/Elevator/elevator_27/ 17 1
/opt/Datasets/YUPENN_dynamic_scenes_data_set/frames/Sky-Clouds/sky_clouds_27/ 1 9
/opt/Datasets/YUPENN_dynamic_scenes_data_set/frames/Sky-Clouds/sky_clouds_30/ 113 9
/opt/Datasets/YUPENN_dynamic_scenes_data_set/frames/Highway/highway_29/ 81 4
/opt/Datasets/YUPENN_dynamic_scenes_data_set/frames/Ocean/ocean_30/ 81 6
/opt/Datasets/YUPENN_dynamic_scenes_data_set/frames/Snowing/snowing_30/ 305 10
/opt/Datasets/YUPENN_dynamic_scenes_data_set/frames/RushingRiver/rushing_river_28/ 65 8
/opt/Datasets/YUPENN_dynamic_scenes_data_set/frames/WindmillFarm/windmill_farm_29/ 49 13
/opt/Datasets/YUPENN_dynamic_scenes_data_set/frames/Street/street_27/ 129 11
/opt/Datasets/YUPENN_dynamic_scenes_data_set/frames/Snowing/snowing_30/ 49 10
/opt/Datasets/YUPENN_dynamic_scenes_data_set/frames/Waterfall/waterfall_27/ 97 12
/opt/Datasets/YUPENN_dynamic_scenes_data_set/frames/Fountain/fountain_29/ 65 3
/opt/Datasets/YUPENN_dynamic_scenes_data_set/frames/Snowing/snowing_27/ 1 10
/opt/Datasets/YUPENN_dynamic_scenes_data_set/frames/Fountain/fountain_27/ 129 3
/opt/Datasets/YUPENN_dynamic_scenes_data_set/frames/Beach/beach_27/ 129 0
/opt/Datasets/YUPENN_dynamic_scenes_data_set/frames/LightningStorm/lightning_storm_29/ 49 5
/opt/Datasets/YUPENN_dynamic_scenes_data_set/frames/Sky-Clouds/sky_clouds_27/ 49 9
/opt/Datasets/YUPENN_dynamic_scenes_data_set/frames/Sky-Clouds/sky_clouds_29/ 97 9
/opt/Datasets/YUPENN_dynamic_scenes_data_set/frames/ForestFire/forest_fire_30/ 81 2
/opt/Datasets/YUPENN_dynamic_scenes_data_set/frames/Beach/beach_29/ 113 0
/opt/Datasets/YUPENN_dynamic_scenes_data_set/frames/LightningStorm/lightning_storm_28/ 33 5
/opt/Datasets/YUPENN_dynamic_scenes_data_set/frames/ForestFire/forest_fire_27/ 17 2
/opt/Datasets/YUPENN_dynamic_scenes_data_set/frames/Beach/beach_29/ 97 0
/opt/Datasets/YUPENN_dynamic_scenes_data_set/frames/Highway/highway_27/ 129 4
/opt/Datasets/YUPENN_dynamic_scenes_data_set/frames/Railway/railway_28/ 97 7
/opt/Datasets/YUPENN_dynamic_scenes_data_set/frames/Snowing/snowing_27/ 97 10
/opt/Datasets/YUPENN_dynamic_scenes_data_set/frames/Snowing/snowing_27/ 65 10
/opt/Datasets/YUPENN_dynamic_scenes_data_set/frames/Railway/railway_30/ 1 7
/opt/Datasets/YUPENN_dynamic_scenes_data_set/frames/Railway/railway_28/ 113 7
/opt/Datasets/YUPENN_dynamic_scenes_data_set/frames/Waterfall/waterfall_29/ 81 12
/opt/Datasets/YUPENN_dynamic_scenes_data_set/frames/Ocean/ocean_27/ 113 6
/opt/Datasets/YUPENN_dynamic_scenes_data_set/frames/Ocean/ocean_30/ 129 6
/opt/Datasets/YUPENN_dynamic_scenes_data_set/frames/Fountain/fountain_30/ 1 3
/opt/Datasets/YUPENN_dynamic_scenes_data_set/frames/Railway/railway_27/ 113 7
/opt/Datasets/YUPENN_dynamic_scenes_data_set/frames/Street/street_27/ 1 11
/opt/Datasets/YUPENN_dynamic_scenes_data_set/frames/Street/street_28/ 1 11
/opt/Datasets/YUPENN_dynamic_scenes_data_set/frames/Sky-Clouds/sky_clouds_30/ 129 9
/opt/Datasets/YUPENN_dynamic_scenes_data_set/frames/RushingRiver/rushing_river_27/ 49 8
/opt/Datasets/YUPENN_dynamic_scenes_data_set/frames/Waterfall/waterfall_30/ 17 12
/opt/Datasets/YUPENN_dynamic_scenes_data_set/frames/LightningStorm/lightning_storm_29/ 33 5
/opt/Datasets/YUPENN_dynamic_scenes_data_set/frames/Elevator/elevator_27/ 33 1
/opt/Datasets/YUPENN_dynamic_scenes_data_set/frames/Highway/highway_27/ 49 4
/opt/Datasets/YUPENN_dynamic_scenes_data_set/frames/WindmillFarm/windmill_farm_28/ 81 13
/opt/Datasets/YUPENN_dynamic_scenes_data_set/frames/RushingRiver/rushing_river_30/ 81 8
/opt/Datasets/YUPENN_dynamic_scenes_data_set/frames/Waterfall/waterfall_27/ 33 12
/opt/Datasets/YUPENN_dynamic_scenes_data_set/frames/WindmillFarm/windmill_farm_28/ 65 13
/opt/Datasets/YUPENN_dynamic_scenes_data_set/frames/Waterfall/waterfall_30/ 49 12
/opt/Datasets/YUPENN_dynamic_scenes_data_set/frames/Fountain/fountain_30/ 113 3
/opt/Datasets/YUPENN_dynamic_scenes_data_set/frames/Sky-Clouds/sky_clouds_28/ 113 9
/opt/Datasets/YUPENN_dynamic_scenes_data_set/frames/Street/street_30/ 129 11
/opt/Datasets/YUPENN_dynamic_scenes_data_set/frames/Elevator/elevator_29/ 81 1
/opt/Datasets/YUPENN_dynamic_scenes_data_set/frames/Fountain/fountain_28/ 17 3
/opt/Datasets/YUPENN_dynamic_scenes_data_set/frames/Street/street_29/ 1 11
/opt/Datasets/YUPENN_dynamic_scenes_data_set/frames/WindmillFarm/windmill_farm_28/ 161 13
/opt/Datasets/YUPENN_dynamic_scenes_data_set/frames/Highway/highway_27/ 1 4
/opt/Datasets/YUPENN_dynamic_scenes_data_set/frames/Snowing/snowing_29/ 49 10
/opt/Datasets/YUPENN_dynamic_scenes_data_set/frames/Railway/railway_29/ 49 7
/opt/Datasets/YUPENN_dynamic_scenes_data_set/frames/Elevator/elevator_29/ 17 1
/opt/Datasets/YUPENN_dynamic_scenes_data_set/frames/LightningStorm/lightning_storm_28/ 1 5
/opt/Datasets/YUPENN_dynamic_scenes_data_set/frames/Highway/highway_29/ 33 4
/opt/Datasets/YUPENN_dynamic_scenes_data_set/frames/Fountain/fountain_30/ 81 3
/opt/Datasets/YUPENN_dynamic_scenes_data_set/frames/WindmillFarm/windmill_farm_29/ 17 13
/opt/Datasets/YUPENN_dynamic_scenes_data_set/frames/WindmillFarm/windmill_farm_27/ 65 13
/opt/Datasets/YUPENN_dynamic_scenes_data_set/frames/LightningStorm/lightning_storm_29/ 113 5
/opt/Datasets/YUPENN_dynamic_scenes_data_set/frames/Railway/railway_29/ 33 7
/opt/Datasets/YUPENN_dynamic_scenes_data_set/frames/RushingRiver/rushing_river_29/ 129 8
/opt/Datasets/YUPENN_dynamic_scenes_data_set/frames/Highway/highway_30/ 1 4
/opt/Datasets/YUPENN_dynamic_scenes_data_set/frames/Highway/highway_27/ 33 4
/opt/Datasets/YUPENN_dynamic_scenes_data_set/frames/Ocean/ocean_29/ 49 6
/opt/Datasets/YUPENN_dynamic_scenes_data_set/frames/Sky-Clouds/sky_clouds_29/ 81 9
/opt/Datasets/YUPENN_dynamic_scenes_data_set/frames/LightningStorm/lightning_storm_30/ 1 5
/opt/Datasets/YUPENN_dynamic_scenes_data_set/frames/Highway/highway_30/ 113 4
/opt/Datasets/YUPENN_dynamic_scenes_data_set/frames/WindmillFarm/windmill_farm_29/ 81 13
/opt/Datasets/YUPENN_dynamic_scenes_data_set/frames/Waterfall/waterfall_27/ 113 12
/opt/Datasets/YUPENN_dynamic_scenes_data_set/frames/ForestFire/forest_fire_28/ 65 2
/opt/Datasets/YUPENN_dynamic_scenes_data_set/frames/LightningStorm/lightning_storm_29/ 81 5
/opt/Datasets/YUPENN_dynamic_scenes_data_set/frames/Snowing/snowing_28/ 81 10
/opt/Datasets/YUPENN_dynamic_scenes_data_set/frames/Sky-Clouds/sky_clouds_27/ 33 9
/opt/Datasets/YUPENN_dynamic_scenes_data_set/frames/Snowing/snowing_28/ 129 10
/opt/Datasets/YUPENN_dynamic_scenes_data_set/frames/Snowing/snowing_28/ 1 10
/opt/Datasets/YUPENN_dynamic_scenes_data_set/frames/Railway/railway_28/ 129 7
/opt/Datasets/YUPENN_dynamic_scenes_data_set/frames/Elevator/elevator_27/ 49 1
/opt/Datasets/YUPENN_dynamic_scenes_data_set/frames/Railway/railway_27/ 65 7
/opt/Datasets/YUPENN_dynamic_scenes_data_set/frames/Elevator/elevator_27/ 65 1
/opt/Datasets/YUPENN_dynamic_scenes_data_set/frames/WindmillFarm/windmill_farm_30/ 49 13
/opt/Datasets/YUPENN_dynamic_scenes_data_set/frames/LightningStorm/lightning_storm_28/ 49 5
/opt/Datasets/YUPENN_dynamic_scenes_data_set/frames/WindmillFarm/windmill_farm_27/ 129 13
/opt/Datasets/YUPENN_dynamic_scenes_data_set/frames/Beach/beach_28/ 145 0
/opt/Datasets/YUPENN_dynamic_scenes_data_set/frames/Railway/railway_29/ 129 7
/opt/Datasets/YUPENN_dynamic_scenes_data_set/frames/RushingRiver/rushing_river_27/ 33 8
/opt/Datasets/YUPENN_dynamic_scenes_data_set/frames/Sky-Clouds/sky_clouds_29/ 17 9
/opt/Datasets/YUPENN_dynamic_scenes_data_set/frames/Street/street_30/ 65 11
/opt/Datasets/YUPENN_dynamic_scenes_data_set/frames/Ocean/ocean_28/ 33 6
/opt/Datasets/YUPENN_dynamic_scenes_data_set/frames/Fountain/fountain_30/ 65 3
/opt/Datasets/YUPENN_dynamic_scenes_data_set/frames/ForestFire/forest_fire_29/ 33 2
/opt/Datasets/YUPENN_dynamic_scenes_data_set/frames/LightningStorm/lightning_storm_30/ 49 5
/opt/Datasets/YUPENN_dynamic_scenes_data_set/frames/Waterfall/waterfall_29/ 17 12
/opt/Datasets/YUPENN_dynamic_scenes_data_set/frames/Fountain/fountain_30/ 17 3
/opt/Datasets/YUPENN_dynamic_scenes_data_set/frames/Street/street_29/ 65 11
/opt/Datasets/YUPENN_dynamic_scenes_data_set/frames/Highway/highway_28/ 129 4
/opt/Datasets/YUPENN_dynamic_scenes_data_set/frames/ForestFire/forest_fire_30/ 113 2
/opt/Datasets/YUPENN_dynamic_scenes_data_set/frames/Highway/highway_27/ 113 4
/opt/Datasets/YUPENN_dynamic_scenes_data_set/frames/Railway/railway_29/ 17 7
/opt/Datasets/YUPENN_dynamic_scenes_data_set/frames/Highway/highway_28/ 49 4
/opt/Datasets/YUPENN_dynamic_scenes_data_set/frames/Highway/highway_30/ 17 4
/opt/Datasets/YUPENN_dynamic_scenes_data_set/frames/Elevator/elevator_29/ 1 1
/opt/Datasets/YUPENN_dynamic_scenes_data_set/frames/Snowing/snowing_30/ 209 10
/opt/Datasets/YUPENN_dynamic_scenes_data_set/frames/Highway/highway_27/ 17 4
/opt/Datasets/YUPENN_dynamic_scenes_data_set/frames/Elevator/elevator_27/ 145 1
/opt/Datasets/YUPENN_dynamic_scenes_data_set/frames/RushingRiver/rushing_river_28/ 97 8
/opt/Datasets/YUPENN_dynamic_scenes_data_set/frames/Ocean/ocean_27/ 129 6
/opt/Datasets/YUPENN_dynamic_scenes_data_set/frames/Elevator/elevator_29/ 97 1
/opt/Datasets/YUPENN_dynamic_scenes_data_set/frames/ForestFire/forest_fire_28/ 17 2
/opt/Datasets/YUPENN_dynamic_scenes_data_set/frames/Street/street_28/ 33 11
/opt/Datasets/YUPENN_dynamic_scenes_data_set/frames/Waterfall/waterfall_29/ 113 12
/opt/Datasets/YUPENN_dynamic_scenes_data_set/frames/Sky-Clouds/sky_clouds_28/ 49 9
/opt/Datasets/YUPENN_dynamic_scenes_data_set/frames/LightningStorm/lightning_storm_27/ 129 5
/opt/Datasets/YUPENN_dynamic_scenes_data_set/frames/Snowing/snowing_30/ 33 10
/opt/Datasets/YUPENN_dynamic_scenes_data_set/frames/Sky-Clouds/sky_clouds_27/ 129 9
/opt/Datasets/YUPENN_dynamic_scenes_data_set/frames/Elevator/elevator_27/ 81 1
/opt/Datasets/YUPENN_dynamic_scenes_data_set/frames/Waterfall/waterfall_29/ 65 12
/opt/Datasets/YUPENN_dynamic_scenes_data_set/frames/Fountain/fountain_27/ 17 3
/opt/Datasets/YUPENN_dynamic_scenes_data_set/frames/Sky-Clouds/sky_clouds_27/ 65 9
/opt/Datasets/YUPENN_dynamic_scenes_data_set/frames/Ocean/ocean_28/ 1 6
/opt/Datasets/YUPENN_dynamic_scenes_data_set/frames/Waterfall/waterfall_30/ 1 12
/opt/Datasets/YUPENN_dynamic_scenes_data_set/frames/Ocean/ocean_29/ 113 6
/opt/Datasets/YUPENN_dynamic_scenes_data_set/frames/Beach/beach_30/ 17 0
/opt/Datasets/YUPENN_dynamic_scenes_data_set/frames/WindmillFarm/windmill_farm_27/ 113 13
/opt/Datasets/YUPENN_dynamic_scenes_data_set/frames/WindmillFarm/windmill_farm_29/ 65 13
/opt/Datasets/YUPENN_dynamic_scenes_data_set/frames/Elevator/elevator_30/ 97 1
/opt/Datasets/YUPENN_dynamic_scenes_data_set/frames/ForestFire/forest_fire_28/ 81 2
/opt/Datasets/YUPENN_dynamic_scenes_data_set/frames/Sky-Clouds/sky_clouds_27/ 97 9
/opt/Datasets/YUPENN_dynamic_scenes_data_set/frames/Waterfall/waterfall_27/ 65 12
/opt/Datasets/YUPENN_dynamic_scenes_data_set/frames/Beach/beach_27/ 33 0
/opt/Datasets/YUPENN_dynamic_scenes_data_set/frames/LightningStorm/lightning_storm_30/ 33 5
/opt/Datasets/YUPENN_dynamic_scenes_data_set/frames/Waterfall/waterfall_30/ 65 12
/opt/Datasets/YUPENN_dynamic_scenes_data_set/frames/Ocean/ocean_29/ 65 6
/opt/Datasets/YUPENN_dynamic_scenes_data_set/frames/WindmillFarm/windmill_farm_30/ 33 13
/opt/Datasets/YUPENN_dynamic_scenes_data_set/frames/LightningStorm/lightning_storm_29/ 17 5
/opt/Datasets/YUPENN_dynamic_scenes_data_set/frames/Snowing/snowing_29/ 97 10
/opt/Datasets/YUPENN_dynamic_scenes_data_set/frames/RushingRiver/rushing_river_29/ 49 8
/opt/Datasets/YUPENN_dynamic_scenes_data_set/frames/WindmillFarm/windmill_farm_29/ 1 13
/opt/Datasets/YUPENN_dynamic_scenes_data_set/frames/Snowing/snowing_29/ 1 10
/opt/Datasets/YUPENN_dynamic_scenes_data_set/frames/Highway/highway_30/ 33 4
/opt/Datasets/YUPENN_dynamic_scenes_data_set/frames/Waterfall/waterfall_30/ 113 12
/opt/Datasets/YUPENN_dynamic_scenes_data_set/frames/Waterfall/waterfall_29/ 49 12
/opt/Datasets/YUPENN_dynamic_scenes_data_set/frames/Snowing/snowing_30/ 225 10
/opt/Datasets/YUPENN_dynamic_scenes_data_set/frames/Snowing/snowing_29/ 129 10
/opt/Datasets/YUPENN_dynamic_scenes_data_set/frames/Ocean/ocean_28/ 97 6
/opt/Datasets/YUPENN_dynamic_scenes_data_set/frames/Ocean/ocean_27/ 49 6
/opt/Datasets/YUPENN_dynamic_scenes_data_set/frames/WindmillFarm/windmill_farm_28/ 177 13
/opt/Datasets/YUPENN_dynamic_scenes_data_set/frames/Fountain/fountain_28/ 129 3
/opt/Datasets/YUPENN_dynamic_scenes_data_set/frames/Waterfall/waterfall_27/ 49 12
/opt/Datasets/YUPENN_dynamic_scenes_data_set/frames/Street/street_30/ 49 11
/opt/Datasets/YUPENN_dynamic_scenes_data_set/frames/Beach/beach_28/ 1 0
/opt/Datasets/YUPENN_dynamic_scenes_data_set/frames/Fountain/fountain_29/ 33 3
/opt/Datasets/YUPENN_dynamic_scenes_data_set/frames/WindmillFarm/windmill_farm_27/ 81 13
/opt/Datasets/YUPENN_dynamic_scenes_data_set/frames/Street/street_29/ 113 11
/opt/Datasets/YUPENN_dynamic_scenes_data_set/frames/Railway/railway_27/ 129 7
/opt/Datasets/YUPENN_dynamic_scenes_data_set/frames/Fountain/fountain_30/ 129 3
/opt/Datasets/YUPENN_dynamic_scenes_data_set/frames/WindmillFarm/windmill_farm_30/ 97 13
/opt/Datasets/YUPENN_dynamic_scenes_data_set/frames/Sky-Clouds/sky_clouds_29/ 33 9
/opt/Datasets/YUPENN_dynamic_scenes_data_set/frames/WindmillFarm/windmill_farm_28/ 129 13
/opt/Datasets/YUPENN_dynamic_scenes_data_set/frames/Waterfall/waterfall_28/ 65 12
/opt/Datasets/YUPENN_dynamic_scenes_data_set/frames/Elevator/elevator_28/ 113 1
/opt/Datasets/YUPENN_dynamic_scenes_data_set/frames/LightningStorm/lightning_storm_29/ 65 5
/opt/Datasets/YUPENN_dynamic_scenes_data_set/frames/Highway/highway_27/ 81 4
/opt/Datasets/YUPENN_dynamic_scenes_data_set/frames/LightningStorm/lightning_storm_29/ 97 5
/opt/Datasets/YUPENN_dynamic_scenes_data_set/frames/RushingRiver/rushing_river_27/ 113 8
/opt/Datasets/YUPENN_dynamic_scenes_data_set/frames/Beach/beach_28/ 33 0
/opt/Datasets/YUPENN_dynamic_scenes_data_set/frames/RushingRiver/rushing_river_29/ 33 8
/opt/Datasets/YUPENN_dynamic_scenes_data_set/frames/LightningStorm/lightning_storm_27/ 49 5
/opt/Datasets/YUPENN_dynamic_scenes_data_set/frames/Ocean/ocean_29/ 33 6
/opt/Datasets/YUPENN_dynamic_scenes_data_set/frames/Railway/railway_27/ 49 7
/opt/Datasets/YUPENN_dynamic_scenes_data_set/frames/LightningStorm/lightning_storm_27/ 17 5
/opt/Datasets/YUPENN_dynamic_scenes_data_set/frames/Ocean/ocean_28/ 81 6
/opt/Datasets/YUPENN_dynamic_scenes_data_set/frames/Street/street_27/ 49 11
/opt/Datasets/YUPENN_dynamic_scenes_data_set/frames/ForestFire/forest_fire_27/ 49 2
/opt/Datasets/YUPENN_dynamic_scenes_data_set/frames/Elevator/elevator_27/ 1 1
/opt/Datasets/YUPENN_dynamic_scenes_data_set/frames/Sky-Clouds/sky_clouds_27/ 17 9
/opt/Datasets/YUPENN_dynamic_scenes_data_set/frames/Snowing/snowing_28/ 33 10
/opt/Datasets/YUPENN_dynamic_scenes_data_set/frames/Fountain/fountain_28/ 1 3
/opt/Datasets/YUPENN_dynamic_scenes_data_set/frames/Railway/railway_29/ 97 7
/opt/Datasets/YUPENN_dynamic_scenes_data_set/frames/Street/street_30/ 97 11
/opt/Datasets/YUPENN_dynamic_scenes_data_set/frames/LightningStorm/lightning_storm_29/ 1 5
/opt/Datasets/YUPENN_dynamic_scenes_data_set/frames/Sky-Clouds/sky_clouds_28/ 81 9
/opt/Datasets/YUPENN_dynamic_scenes_data_set/frames/RushingRiver/rushing_river_30/ 17 8
/opt/Datasets/YUPENN_dynamic_scenes_data_set/frames/Highway/highway_28/ 113 4
/opt/Datasets/YUPENN_dynamic_scenes_data_set/frames/Beach/beach_29/ 17 0
/opt/Datasets/YUPENN_dynamic_scenes_data_set/frames/Beach/beach_27/ 1 0
/opt/Datasets/YUPENN_dynamic_scenes_data_set/frames/RushingRiver/rushing_river_29/ 81 8
/opt/Datasets/YUPENN_dynamic_scenes_data_set/frames/Fountain/fountain_27/ 113 3
/opt/Datasets/YUPENN_dynamic_scenes_data_set/frames/ForestFire/forest_fire_29/ 17 2
/opt/Datasets/YUPENN_dynamic_scenes_data_set/frames/WindmillFarm/windmill_farm_30/ 65 13
/opt/Datasets/YUPENN_dynamic_scenes_data_set/frames/Street/street_30/ 113 11
/opt/Datasets/YUPENN_dynamic_scenes_data_set/frames/ForestFire/forest_fire_30/ 1 2
/opt/Datasets/YUPENN_dynamic_scenes_data_set/frames/WindmillFarm/windmill_farm_27/ 49 13
/opt/Datasets/YUPENN_dynamic_scenes_data_set/frames/Waterfall/waterfall_29/ 129 12
/opt/Datasets/YUPENN_dynamic_scenes_data_set/frames/Highway/highway_30/ 65 4
/opt/Datasets/YUPENN_dynamic_scenes_data_set/frames/Railway/railway_30/ 65 7
/opt/Datasets/YUPENN_dynamic_scenes_data_set/frames/Street/street_28/ 97 11
/opt/Datasets/YUPENN_dynamic_scenes_data_set/frames/Street/street_27/ 65 11
/opt/Datasets/YUPENN_dynamic_scenes_data_set/frames/Sky-Clouds/sky_clouds_27/ 81 9
/opt/Datasets/YUPENN_dynamic_scenes_data_set/frames/Highway/highway_29/ 1 4
/opt/Datasets/YUPENN_dynamic_scenes_data_set/frames/Railway/railway_29/ 65 7
/opt/Datasets/YUPENN_dynamic_scenes_data_set/frames/Railway/railway_29/ 113 7
/opt/Datasets/YUPENN_dynamic_scenes_data_set/frames/Beach/beach_30/ 129 0
/opt/Datasets/YUPENN_dynamic_scenes_data_set/frames/RushingRiver/rushing_river_29/ 65 8
/opt/Datasets/YUPENN_dynamic_scenes_data_set/frames/Street/street_27/ 17 11
/opt/Datasets/YUPENN_dynamic_scenes_data_set/frames/ForestFire/forest_fire_29/ 1 2
/opt/Datasets/YUPENN_dynamic_scenes_data_set/frames/Snowing/snowing_30/ 177 10
/opt/Datasets/YUPENN_dynamic_scenes_data_set/frames/Fountain/fountain_27/ 49 3
/opt/Datasets/YUPENN_dynamic_scenes_data_set/frames/Fountain/fountain_28/ 33 3
/opt/Datasets/YUPENN_dynamic_scenes_data_set/frames/WindmillFarm/windmill_farm_28/ 33 13
/opt/Datasets/YUPENN_dynamic_scenes_data_set/frames/RushingRiver/rushing_river_29/ 97 8
/opt/Datasets/YUPENN_dynamic_scenes_data_set/frames/Beach/beach_28/ 113 0
/opt/Datasets/YUPENN_dynamic_scenes_data_set/frames/Ocean/ocean_27/ 1 6
/opt/Datasets/YUPENN_dynamic_scenes_data_set/frames/Fountain/fountain_30/ 97 3
/opt/Datasets/YUPENN_dynamic_scenes_data_set/frames/Railway/railway_28/ 17 7
/opt/Datasets/YUPENN_dynamic_scenes_data_set/frames/WindmillFarm/windmill_farm_27/ 97 13
/opt/Datasets/YUPENN_dynamic_scenes_data_set/frames/Ocean/ocean_30/ 97 6
/opt/Datasets/YUPENN_dynamic_scenes_data_set/frames/WindmillFarm/windmill_farm_27/ 33 13
/opt/Datasets/YUPENN_dynamic_scenes_data_set/frames/Highway/highway_28/ 65 4
/opt/Datasets/YUPENN_dynamic_scenes_data_set/frames/Waterfall/waterfall_27/ 81 12
/opt/Datasets/YUPENN_dynamic_scenes_data_set/frames/Railway/railway_28/ 49 7
/opt/Datasets/YUPENN_dynamic_scenes_data_set/frames/LightningStorm/lightning_storm_27/ 65 5
/opt/Datasets/YUPENN_dynamic_scenes_data_set/frames/Railway/railway_30/ 97 7
/opt/Datasets/YUPENN_dynamic_scenes_data_set/frames/Ocean/ocean_30/ 49 6
/opt/Datasets/YUPENN_dynamic_scenes_data_set/frames/Fountain/fountain_27/ 65 3
/opt/Datasets/YUPENN_dynamic_scenes_data_set/frames/Highway/highway_29/ 129 4
/opt/Datasets/YUPENN_dynamic_scenes_data_set/frames/Beach/beach_27/ 113 0
/opt/Datasets/YUPENN_dynamic_scenes_data_set/frames/Fountain/fountain_28/ 65 3
/opt/Datasets/YUPENN_dynamic_scenes_data_set/frames/Sky-Clouds/sky_clouds_30/ 49 9
/opt/Datasets/YUPENN_dynamic_scenes_data_set/frames/Waterfall/waterfall_28/ 129 12
/opt/Datasets/YUPENN_dynamic_scenes_data_set/frames/ForestFire/forest_fire_28/ 49 2
/opt/Datasets/YUPENN_dynamic_scenes_data_set/frames/Elevator/elevator_29/ 33 1
/opt/Datasets/YUPENN_dynamic_scenes_data_set/frames/Fountain/fountain_29/ 1 3
/opt/Datasets/YUPENN_dynamic_scenes_data_set/frames/Elevator/elevator_30/ 81 1
/opt/Datasets/YUPENN_dynamic_scenes_data_set/frames/Railway/railway_28/ 33 7
/opt/Datasets/YUPENN_dynamic_scenes_data_set/frames/Fountain/fountain_28/ 97 3
/opt/Datasets/YUPENN_dynamic_scenes_data_set/frames/ForestFire/forest_fire_27/ 1 2
/opt/Datasets/YUPENN_dynamic_scenes_data_set/frames/RushingRiver/rushing_river_27/ 129 8
/opt/Datasets/YUPENN_dynamic_scenes_data_set/frames/Beach/beach_29/ 129 0
/opt/Datasets/YUPENN_dynamic_scenes_data_set/frames/Beach/beach_30/ 97 0
/opt/Datasets/YUPENN_dynamic_scenes_data_set/frames/Waterfall/waterfall_29/ 33 12
/opt/Datasets/YUPENN_dynamic_scenes_data_set/frames/LightningStorm/lightning_storm_27/ 97 5
/opt/Datasets/YUPENN_dynamic_scenes_data_set/frames/ForestFire/forest_fire_30/ 17 2
/opt/Datasets/YUPENN_dynamic_scenes_data_set/frames/Ocean/ocean_28/ 113 6
/opt/Datasets/YUPENN_dynamic_scenes_data_set/frames/Ocean/ocean_27/ 33 6
/opt/Datasets/YUPENN_dynamic_scenes_data_set/frames/WindmillFarm/windmill_farm_28/ 1 13
/opt/Datasets/YUPENN_dynamic_scenes_data_set/frames/Street/street_29/ 49 11
/opt/Datasets/YUPENN_dynamic_scenes_data_set/frames/Street/street_28/ 17 11
/opt/Datasets/YUPENN_dynamic_scenes_data_set/frames/ForestFire/forest_fire_30/ 49 2
/opt/Datasets/YUPENN_dynamic_scenes_data_set/frames/Beach/beach_29/ 33 0
/opt/Datasets/YUPENN_dynamic_scenes_data_set/frames/RushingRiver/rushing_river_28/ 1 8
/opt/Datasets/YUPENN_dynamic_scenes_data_set/frames/Street/street_27/ 33 11
/opt/Datasets/YUPENN_dynamic_scenes_data_set/frames/ForestFire/forest_fire_27/ 33 2
/opt/Datasets/YUPENN_dynamic_scenes_data_set/frames/Highway/highway_28/ 97 4
/opt/Datasets/YUPENN_dynamic_scenes_data_set/frames/Ocean/ocean_29/ 81 6
/opt/Datasets/YUPENN_dynamic_scenes_data_set/frames/RushingRiver/rushing_river_28/ 113 8
/opt/Datasets/YUPENN_dynamic_scenes_data_set/frames/LightningStorm/lightning_storm_27/ 81 5
/opt/Datasets/YUPENN_dynamic_scenes_data_set/frames/Ocean/ocean_28/ 65 6
/opt/Datasets/YUPENN_dynamic_scenes_data_set/frames/Waterfall/waterfall_28/ 49 12
/opt/Datasets/YUPENN_dynamic_scenes_data_set/frames/Elevator/elevator_29/ 65 1
/opt/Datasets/YUPENN_dynamic_scenes_data_set/frames/RushingRiver/rushing_river_28/ 81 8
/opt/Datasets/YUPENN_dynamic_scenes_data_set/frames/Snowing/snowing_30/ 129 10
/opt/Datasets/YUPENN_dynamic_scenes_data_set/frames/Fountain/fountain_30/ 49 3
/opt/Datasets/YUPENN_dynamic_scenes_data_set/frames/Snowing/snowing_29/ 33 10
/opt/Datasets/YUPENN_dynamic_scenes_data_set/frames/Elevator/elevator_30/ 65 1
/opt/Datasets/YUPENN_dynamic_scenes_data_set/frames/WindmillFarm/windmill_farm_28/ 97 13
/opt/Datasets/YUPENN_dynamic_scenes_data_set/frames/Waterfall/waterfall_30/ 33 12
/opt/Datasets/YUPENN_dynamic_scenes_data_set/frames/Ocean/ocean_27/ 17 6
/opt/Datasets/YUPENN_dynamic_scenes_data_set/frames/Beach/beach_30/ 49 0
/opt/Datasets/YUPENN_dynamic_scenes_data_set/frames/Sky-Clouds/sky_clouds_29/ 129 9
/opt/Datasets/YUPENN_dynamic_scenes_data_set/frames/Highway/highway_27/ 65 4
/opt/Datasets/YUPENN_dynamic_scenes_data_set/frames/Elevator/elevator_28/ 129 1
/opt/Datasets/YUPENN_dynamic_scenes_data_set/frames/WindmillFarm/windmill_farm_29/ 113 13
/opt/Datasets/YUPENN_dynamic_scenes_data_set/frames/Sky-Clouds/sky_clouds_27/ 113 9
/opt/Datasets/YUPENN_dynamic_scenes_data_set/frames/Sky-Clouds/sky_clouds_28/ 17 9
/opt/Datasets/YUPENN_dynamic_scenes_data_set/frames/RushingRiver/rushing_river_28/ 33 8
/opt/Datasets/YUPENN_dynamic_scenes_data_set/frames/Ocean/ocean_27/ 81 6
/opt/Datasets/YUPENN_dynamic_scenes_data_set/frames/Railway/railway_27/ 97 7
/opt/Datasets/YUPENN_dynamic_scenes_data_set/frames/Sky-Clouds/sky_clouds_29/ 113 9
/opt/Datasets/YUPENN_dynamic_scenes_data_set/frames/Ocean/ocean_30/ 65 6
/opt/Datasets/YUPENN_dynamic_scenes_data_set/frames/Beach/beach_27/ 97 0
/opt/Datasets/YUPENN_dynamic_scenes_data_set/frames/Snowing/snowing_27/ 33 10
/opt/Datasets/YUPENN_dynamic_scenes_data_set/frames/Beach/beach_30/ 65 0
/opt/Datasets/YUPENN_dynamic_scenes_data_set/frames/Ocean/ocean_28/ 17 6
/opt/Datasets/YUPENN_dynamic_scenes_data_set/frames/LightningStorm/lightning_storm_28/ 65 5
/opt/Datasets/YUPENN_dynamic_scenes_data_set/frames/Highway/highway_28/ 81 4
/opt/Datasets/YUPENN_dynamic_scenes_data_set/frames/Beach/beach_28/ 97 0
/opt/Datasets/YUPENN_dynamic_scenes_data_set/frames/Snowing/snowing_27/ 113 10
/opt/Datasets/YUPENN_dynamic_scenes_data_set/frames/Street/street_28/ 113 11
/opt/Datasets/YUPENN_dynamic_scenes_data_set/frames/Ocean/ocean_27/ 97 6
/opt/Datasets/YUPENN_dynamic_scenes_data_set/frames/ForestFire/forest_fire_27/ 65 2
/opt/Datasets/YUPENN_dynamic_scenes_data_set/frames/RushingRiver/rushing_river_29/ 1 8
/opt/Datasets/YUPENN_dynamic_scenes_data_set/frames/Waterfall/waterfall_28/ 17 12
/opt/Datasets/YUPENN_dynamic_scenes_data_set/frames/Snowing/snowing_30/ 273 10
/opt/Datasets/YUPENN_dynamic_scenes_data_set/frames/Highway/highway_29/ 113 4
/opt/Datasets/YUPENN_dynamic_scenes_data_set/frames/Highway/highway_30/ 81 4
/opt/Datasets/YUPENN_dynamic_scenes_data_set/frames/LightningStorm/lightning_storm_27/ 33 5
/opt/Datasets/YUPENN_dynamic_scenes_data_set/frames/Fountain/fountain_27/ 1 3
/opt/Datasets/YUPENN_dynamic_scenes_data_set/frames/Snowing/snowing_30/ 1 10
/opt/Datasets/YUPENN_dynamic_scenes_data_set/frames/Elevator/elevator_28/ 49 1
/opt/Datasets/YUPENN_dynamic_scenes_data_set/frames/Ocean/ocean_29/ 129 6
/opt/Datasets/YUPENN_dynamic_scenes_data_set/frames/WindmillFarm/windmill_farm_29/ 33 13
/opt/Datasets/YUPENN_dynamic_scenes_data_set/frames/WindmillFarm/windmill_farm_30/ 1 13
/opt/Datasets/YUPENN_dynamic_scenes_data_set/frames/Beach/beach_27/ 145 0
/opt/Datasets/YUPENN_dynamic_scenes_data_set/frames/WindmillFarm/windmill_farm_27/ 17 13
/opt/Datasets/YUPENN_dynamic_scenes_data_set/frames/Waterfall/waterfall_28/ 97 12
/opt/Datasets/YUPENN_dynamic_scenes_data_set/frames/Elevator/elevator_30/ 49 1
/opt/Datasets/YUPENN_dynamic_scenes_data_set/frames/Snowing/snowing_27/ 81 10
/opt/Datasets/YUPENN_dynamic_scenes_data_set/frames/Snowing/snowing_27/ 129 10
/opt/Datasets/YUPENN_dynamic_scenes_data_set/frames/Snowing/snowing_27/ 17 10
/opt/Datasets/YUPENN_dynamic_scenes_data_set/frames/Fountain/fountain_27/ 33 3
/opt/Datasets/YUPENN_dynamic_scenes_data_set/frames/WindmillFarm/windmill_farm_30/ 129 13
/opt/Datasets/YUPENN_dynamic_scenes_data_set/frames/Fountain/fountain_29/ 81 3
/opt/Datasets/YUPENN_dynamic_scenes_data_set/frames/Railway/railway_30/ 17 7
/opt/Datasets/YUPENN_dynamic_scenes_data_set/frames/Beach/beach_27/ 49 0
/opt/Datasets/YUPENN_dynamic_scenes_data_set/frames/ForestFire/forest_fire_30/ 97 2
/opt/Datasets/YUPENN_dynamic_scenes_data_set/frames/Sky-Clouds/sky_clouds_30/ 81 9
/opt/Datasets/YUPENN_dynamic_scenes_data_set/frames/Ocean/ocean_29/ 17 6
/opt/Datasets/YUPENN_dynamic_scenes_data_set/frames/Snowing/snowing_30/ 161 10
/opt/Datasets/YUPENN_dynamic_scenes_data_set/frames/LightningStorm/lightning_storm_27/ 113 5
/opt/Datasets/YUPENN_dynamic_scenes_data_set/frames/Snowing/snowing_29/ 81 10
/opt/Datasets/YUPENN_dynamic_scenes_data_set/frames/ForestFire/forest_fire_30/ 33 2
/opt/Datasets/YUPENN_dynamic_scenes_data_set/frames/Elevator/elevator_30/ 129 1
/opt/Datasets/YUPENN_dynamic_scenes_data_set/frames/Fountain/fountain_28/ 113 3
/opt/Datasets/YUPENN_dynamic_scenes_data_set/frames/Waterfall/waterfall_28/ 1 12
/opt/Datasets/YUPENN_dynamic_scenes_data_set/frames/Sky-Clouds/sky_clouds_28/ 65 9
/opt/Datasets/YUPENN_dynamic_scenes_data_set/frames/Ocean/ocean_28/ 49 6
/opt/Datasets/YUPENN_dynamic_scenes_data_set/frames/Elevator/elevator_28/ 17 1
/opt/Datasets/YUPENN_dynamic_scenes_data_set/frames/Waterfall/waterfall_30/ 129 12
/opt/Datasets/YUPENN_dynamic_scenes_data_set/frames/Beach/beach_29/ 49 0
/opt/Datasets/YUPENN_dynamic_scenes_data_set/frames/Elevator/elevator_27/ 129 1
/opt/Datasets/YUPENN_dynamic_scenes_data_set/frames/RushingRiver/rushing_river_27/ 1 8
/opt/Datasets/YUPENN_dynamic_scenes_data_set/frames/Sky-Clouds/sky_clouds_30/ 65 9
/opt/Datasets/YUPENN_dynamic_scenes_data_set/frames/Street/street_27/ 81 11
/opt/Datasets/YUPENN_dynamic_scenes_data_set/frames/WindmillFarm/windmill_farm_29/ 97 13
/opt/Datasets/YUPENN_dynamic_scenes_data_set/frames/Snowing/snowing_27/ 49 10
/opt/Datasets/YUPENN_dynamic_scenes_data_set/frames/Sky-Clouds/sky_clouds_28/ 1 9
/opt/Datasets/YUPENN_dynamic_scenes_data_set/frames/WindmillFarm/windmill_farm_30/ 81 13
/opt/Datasets/YUPENN_dynamic_scenes_data_set/frames/LightningStorm/lightning_storm_28/ 17 5
/opt/Datasets/YUPENN_dynamic_scenes_data_set/frames/Fountain/fountain_30/ 33 3
/opt/Datasets/YUPENN_dynamic_scenes_data_set/frames/Railway/railway_29/ 1 7
/opt/Datasets/YUPENN_dynamic_scenes_data_set/frames/Snowing/snowing_30/ 145 10
/opt/Datasets/YUPENN_dynamic_scenes_data_set/frames/Elevator/elevator_27/ 97 1
/opt/Datasets/YUPENN_dynamic_scenes_data_set/frames/LightningStorm/lightning_storm_30/ 17 5
/opt/Datasets/YUPENN_dynamic_scenes_data_set/frames/Fountain/fountain_27/ 81 3
/opt/Datasets/YUPENN_dynamic_scenes_data_set/frames/Snowing/snowing_28/ 49 10
/opt/Datasets/YUPENN_dynamic_scenes_data_set/frames/Sky-Clouds/sky_clouds_30/ 97 9
/opt/Datasets/YUPENN_dynamic_scenes_data_set/frames/Beach/beach_30/ 81 0
/opt/Datasets/YUPENN_dynamic_scenes_data_set/frames/Fountain/fountain_29/ 49 3
/opt/Datasets/YUPENN_dynamic_scenes_data_set/frames/RushingRiver/rushing_river_30/ 65 8
/opt/Datasets/YUPENN_dynamic_scenes_data_set/frames/Highway/highway_28/ 33 4
/opt/Datasets/YUPENN_dynamic_scenes_data_set/frames/Waterfall/waterfall_27/ 1 12
/opt/Datasets/YUPENN_dynamic_scenes_data_set/frames/Beach/beach_30/ 33 0
/opt/Datasets/YUPENN_dynamic_scenes_data_set/frames/Snowing/snowing_30/ 113 10
/opt/Datasets/YUPENN_dynamic_scenes_data_set/frames/WindmillFarm/windmill_farm_28/ 17 13
/opt/Datasets/YUPENN_dynamic_scenes_data_set/frames/Sky-Clouds/sky_clouds_30/ 1 9
/opt/Datasets/YUPENN_dynamic_scenes_data_set/frames/Snowing/snowing_30/ 193 10
/opt/Datasets/YUPENN_dynamic_scenes_data_set/frames/Railway/railway_30/ 113 7
