/opt/Datasets/YUPENN_dynamic_scenes_data_set/frames/Beach/beach_26/ 1 0
/opt/Datasets/YUPENN_dynamic_scenes_data_set/frames/Beach/beach_26/ 17 0
/opt/Datasets/YUPENN_dynamic_scenes_data_set/frames/Beach/beach_26/ 33 0
/opt/Datasets/YUPENN_dynamic_scenes_data_set/frames/Beach/beach_26/ 49 0
/opt/Datasets/YUPENN_dynamic_scenes_data_set/frames/Beach/beach_26/ 65 0
/opt/Datasets/YUPENN_dynamic_scenes_data_set/frames/Beach/beach_26/ 81 0
/opt/Datasets/YUPENN_dynamic_scenes_data_set/frames/Beach/beach_26/ 97 0
/opt/Datasets/YUPENN_dynamic_scenes_data_set/frames/Beach/beach_26/ 113 0
/opt/Datasets/YUPENN_dynamic_scenes_data_set/frames/Beach/beach_26/ 129 0
/opt/Datasets/YUPENN_dynamic_scenes_data_set/frames/Beach/beach_27/ 1 0
/opt/Datasets/YUPENN_dynamic_scenes_data_set/frames/Beach/beach_27/ 17 0
/opt/Datasets/YUPENN_dynamic_scenes_data_set/frames/Beach/beach_27/ 33 0
/opt/Datasets/YUPENN_dynamic_scenes_data_set/frames/Beach/beach_27/ 49 0
/opt/Datasets/YUPENN_dynamic_scenes_data_set/frames/Beach/beach_27/ 65 0
/opt/Datasets/YUPENN_dynamic_scenes_data_set/frames/Beach/beach_27/ 81 0
/opt/Datasets/YUPENN_dynamic_scenes_data_set/frames/Beach/beach_27/ 97 0
/opt/Datasets/YUPENN_dynamic_scenes_data_set/frames/Beach/beach_27/ 113 0
/opt/Datasets/YUPENN_dynamic_scenes_data_set/frames/Beach/beach_27/ 129 0
/opt/Datasets/YUPENN_dynamic_scenes_data_set/frames/Beach/beach_27/ 145 0
/opt/Datasets/YUPENN_dynamic_scenes_data_set/frames/Beach/beach_28/ 1 0
/opt/Datasets/YUPENN_dynamic_scenes_data_set/frames/Beach/beach_28/ 17 0
/opt/Datasets/YUPENN_dynamic_scenes_data_set/frames/Beach/beach_28/ 33 0
/opt/Datasets/YUPENN_dynamic_scenes_data_set/frames/Beach/beach_28/ 49 0
/opt/Datasets/YUPENN_dynamic_scenes_data_set/frames/Beach/beach_28/ 65 0
/opt/Datasets/YUPENN_dynamic_scenes_data_set/frames/Beach/beach_28/ 81 0
/opt/Datasets/YUPENN_dynamic_scenes_data_set/frames/Beach/beach_28/ 97 0
/opt/Datasets/YUPENN_dynamic_scenes_data_set/frames/Beach/beach_28/ 113 0
/opt/Datasets/YUPENN_dynamic_scenes_data_set/frames/Beach/beach_28/ 129 0
/opt/Datasets/YUPENN_dynamic_scenes_data_set/frames/Beach/beach_28/ 145 0
/opt/Datasets/YUPENN_dynamic_scenes_data_set/frames/Beach/beach_29/ 1 0
/opt/Datasets/YUPENN_dynamic_scenes_data_set/frames/Beach/beach_29/ 17 0
/opt/Datasets/YUPENN_dynamic_scenes_data_set/frames/Beach/beach_29/ 33 0
/opt/Datasets/YUPENN_dynamic_scenes_data_set/frames/Beach/beach_29/ 49 0
/opt/Datasets/YUPENN_dynamic_scenes_data_set/frames/Beach/beach_29/ 65 0
/opt/Datasets/YUPENN_dynamic_scenes_data_set/frames/Beach/beach_29/ 81 0
/opt/Datasets/YUPENN_dynamic_scenes_data_set/frames/Beach/beach_29/ 97 0
/opt/Datasets/YUPENN_dynamic_scenes_data_set/frames/Beach/beach_29/ 113 0
/opt/Datasets/YUPENN_dynamic_scenes_data_set/frames/Beach/beach_29/ 129 0
/opt/Datasets/YUPENN_dynamic_scenes_data_set/frames/Beach/beach_30/ 1 0
/opt/Datasets/YUPENN_dynamic_scenes_data_set/frames/Beach/beach_30/ 17 0
/opt/Datasets/YUPENN_dynamic_scenes_data_set/frames/Beach/beach_30/ 33 0
/opt/Datasets/YUPENN_dynamic_scenes_data_set/frames/Beach/beach_30/ 49 0
/opt/Datasets/YUPENN_dynamic_scenes_data_set/frames/Beach/beach_30/ 65 0
/opt/Datasets/YUPENN_dynamic_scenes_data_set/frames/Beach/beach_30/ 81 0
/opt/Datasets/YUPENN_dynamic_scenes_data_set/frames/Beach/beach_30/ 97 0
/opt/Datasets/YUPENN_dynamic_scenes_data_set/frames/Beach/beach_30/ 113 0
/opt/Datasets/YUPENN_dynamic_scenes_data_set/frames/Beach/beach_30/ 129 0
/opt/Datasets/YUPENN_dynamic_scenes_data_set/frames/Elevator/elevator_26/ 1 1
/opt/Datasets/YUPENN_dynamic_scenes_data_set/frames/Elevator/elevator_26/ 17 1
/opt/Datasets/YUPENN_dynamic_scenes_data_set/frames/Elevator/elevator_26/ 33 1
/opt/Datasets/YUPENN_dynamic_scenes_data_set/frames/Elevator/elevator_26/ 49 1
/opt/Datasets/YUPENN_dynamic_scenes_data_set/frames/Elevator/elevator_26/ 65 1
/opt/Datasets/YUPENN_dynamic_scenes_data_set/frames/Elevator/elevator_26/ 81 1
/opt/Datasets/YUPENN_dynamic_scenes_data_set/frames/Elevator/elevator_26/ 97 1
/opt/Datasets/YUPENN_dynamic_scenes_data_set/frames/Elevator/elevator_26/ 113 1
/opt/Datasets/YUPENN_dynamic_scenes_data_set/frames/Elevator/elevator_26/ 129 1
/opt/Datasets/YUPENN_dynamic_scenes_data_set/frames/Elevator/elevator_27/ 1 1
/opt/Datasets/YUPENN_dynamic_scenes_data_set/frames/Elevator/elevator_27/ 17 1
/opt/Datasets/YUPENN_dynamic_scenes_data_set/frames/Elevator/elevator_27/ 33 1
/opt/Datasets/YUPENN_dynamic_scenes_data_set/frames/Elevator/elevator_27/ 49 1
/opt/Datasets/YUPENN_dynamic_scenes_data_set/frames/Elevator/elevator_27/ 65 1
/opt/Datasets/YUPENN_dynamic_scenes_data_set/frames/Elevator/elevator_27/ 81 1
/opt/Datasets/YUPENN_dynamic_scenes_data_set/frames/Elevator/elevator_27/ 97 1
/opt/Datasets/YUPENN_dynamic_scenes_data_set/frames/Elevator/elevator_27/ 113 1
/opt/Datasets/YUPENN_dynamic_scenes_data_set/frames/Elevator/elevator_27/ 129 1
/opt/Datasets/YUPENN_dynamic_scenes_data_set/frames/Elevator/elevator_27/ 145 1
/opt/Datasets/YUPENN_dynamic_scenes_data_set/frames/Elevator/elevator_28/ 1 1
/opt/Datasets/YUPENN_dynamic_scenes_data_set/frames/Elevator/elevator_28/ 17 1
/opt/Datasets/YUPENN_dynamic_scenes_data_set/frames/Elevator/elevator_28/ 33 1
/opt/Datasets/YUPENN_dynamic_scenes_data_set/frames/Elevator/elevator_28/ 49 1
/opt/Datasets/YUPENN_dynamic_scenes_data_set/frames/Elevator/elevator_28/ 65 1
/opt/Datasets/YUPENN_dynamic_scenes_data_set/frames/Elevator/elevator_28/ 81 1
/opt/Datasets/YUPENN_dynamic_scenes_data_set/frames/Elevator/elevator_28/ 97 1
/opt/Datasets/YUPENN_dynamic_scenes_data_set/frames/Elevator/elevator_28/ 113 1
/opt/Datasets/YUPENN_dynamic_scenes_data_set/frames/Elevator/elevator_28/ 129 1
/opt/Datasets/YUPENN_dynamic_scenes_data_set/frames/Elevator/elevator_29/ 1 1
/opt/Datasets/YUPENN_dynamic_scenes_data_set/frames/Elevator/elevator_29/ 17 1
/opt/Datasets/YUPENN_dynamic_scenes_data_set/frames/Elevator/elevator_29/ 33 1
/opt/Datasets/YUPENN_dynamic_scenes_data_set/frames/Elevator/elevator_29/ 49 1
/opt/Datasets/YUPENN_dynamic_scenes_data_set/frames/Elevator/elevator_29/ 65 1
/opt/Datasets/YUPENN_dynamic_scenes_data_set/frames/Elevator/elevator_29/ 81 1
/opt/Datasets/YUPENN_dynamic_scenes_data_set/frames/Elevator/elevator_29/ 97 1
/opt/Datasets/YUPENN_dynamic_scenes_data_set/frames/Elevator/elevator_29/ 113 1
/opt/Datasets/YUPENN_dynamic_scenes_data_set/frames/Elevator/elevator_29/ 129 1
/opt/Datasets/YUPENN_dynamic_scenes_data_set/frames/Elevator/elevator_30/ 1 1
/opt/Datasets/YUPENN_dynamic_scenes_data_set/frames/Elevator/elevator_30/ 17 1
/opt/Datasets/YUPENN_dynamic_scenes_data_set/frames/Elevator/elevator_30/ 33 1
/opt/Datasets/YUPENN_dynamic_scenes_data_set/frames/Elevator/elevator_30/ 49 1
/opt/Datasets/YUPENN_dynamic_scenes_data_set/frames/Elevator/elevator_30/ 65 1
/opt/Datasets/YUPENN_dynamic_scenes_data_set/frames/Elevator/elevator_30/ 81 1
/opt/Datasets/YUPENN_dynamic_scenes_data_set/frames/Elevator/elevator_30/ 97 1
/opt/Datasets/YUPENN_dynamic_scenes_data_set/frames/Elevator/elevator_30/ 113 1
/opt/Datasets/YUPENN_dynamic_scenes_data_set/frames/Elevator/elevator_30/ 129 1
/opt/Datasets/YUPENN_dynamic_scenes_data_set/frames/ForestFire/forest_fire_26/ 1 2
/opt/Datasets/YUPENN_dynamic_scenes_data_set/frames/ForestFire/forest_fire_26/ 17 2
/opt/Datasets/YUPENN_dynamic_scenes_data_set/frames/ForestFire/forest_fire_26/ 33 2
/opt/Datasets/YUPENN_dynamic_scenes_data_set/frames/ForestFire/forest_fire_26/ 49 2
/opt/Datasets/YUPENN_dynamic_scenes_data_set/frames/ForestFire/forest_fire_26/ 65 2
/opt/Datasets/YUPENN_dynamic_scenes_data_set/frames/ForestFire/forest_fire_27/ 1 2
/opt/Datasets/YUPENN_dynamic_scenes_data_set/frames/ForestFire/forest_fire_27/ 17 2
/opt/Datasets/YUPENN_dynamic_scenes_data_set/frames/ForestFire/forest_fire_27/ 33 2
/opt/Datasets/YUPENN_dynamic_scenes_data_set/frames/ForestFire/forest_fire_27/ 49 2
/opt/Datasets/YUPENN_dynamic_scenes_data_set/frames/ForestFire/forest_fire_27/ 65 2
/opt/Datasets/YUPENN_dynamic_scenes_data_set/frames/ForestFire/forest_fire_27/ 81 2
/opt/Datasets/YUPENN_dynamic_scenes_data_set/frames/ForestFire/forest_fire_28/ 1 2
/opt/Datasets/YUPENN_dynamic_scenes_data_set/frames/ForestFire/forest_fire_28/ 17 2
/opt/Datasets/YUPENN_dynamic_scenes_data_set/frames/ForestFire/forest_fire_28/ 33 2
/opt/Datasets/YUPENN_dynamic_scenes_data_set/frames/ForestFire/forest_fire_28/ 49 2
/opt/Datasets/YUPENN_dynamic_scenes_data_set/frames/ForestFire/forest_fire_28/ 65 2
/opt/Datasets/YUPENN_dynamic_scenes_data_set/frames/ForestFire/forest_fire_28/ 81 2
/opt/Datasets/YUPENN_dynamic_scenes_data_set/frames/ForestFire/forest_fire_29/ 1 2
/opt/Datasets/YUPENN_dynamic_scenes_data_set/frames/ForestFire/forest_fire_29/ 17 2
/opt/Datasets/YUPENN_dynamic_scenes_data_set/frames/ForestFire/forest_fire_29/ 33 2
/opt/Datasets/YUPENN_dynamic_scenes_data_set/frames/ForestFire/forest_fire_30/ 1 2
/opt/Datasets/YUPENN_dynamic_scenes_data_set/frames/ForestFire/forest_fire_30/ 17 2
/opt/Datasets/YUPENN_dynamic_scenes_data_set/frames/ForestFire/forest_fire_30/ 33 2
/opt/Datasets/YUPENN_dynamic_scenes_data_set/frames/ForestFire/forest_fire_30/ 49 2
/opt/Datasets/YUPENN_dynamic_scenes_data_set/frames/ForestFire/forest_fire_30/ 65 2
/opt/Datasets/YUPENN_dynamic_scenes_data_set/frames/ForestFire/forest_fire_30/ 81 2
/opt/Datasets/YUPENN_dynamic_scenes_data_set/frames/ForestFire/forest_fire_30/ 97 2
/opt/Datasets/YUPENN_dynamic_scenes_data_set/frames/ForestFire/forest_fire_30/ 113 2
/opt/Datasets/YUPENN_dynamic_scenes_data_set/frames/ForestFire/forest_fire_30/ 129 2
