/opt/Datasets/YUPENN_dynamic_scenes_data_set/frames/Beach/beach_01/ 1 0
/opt/Datasets/YUPENN_dynamic_scenes_data_set/frames/Beach/beach_01/ 17 0
/opt/Datasets/YUPENN_dynamic_scenes_data_set/frames/Beach/beach_01/ 33 0
/opt/Datasets/YUPENN_dynamic_scenes_data_set/frames/Beach/beach_01/ 49 0
/opt/Datasets/YUPENN_dynamic_scenes_data_set/frames/Beach/beach_01/ 65 0
/opt/Datasets/YUPENN_dynamic_scenes_data_set/frames/Beach/beach_01/ 81 0
/opt/Datasets/YUPENN_dynamic_scenes_data_set/frames/Beach/beach_01/ 97 0
/opt/Datasets/YUPENN_dynamic_scenes_data_set/frames/Beach/beach_01/ 113 0
/opt/Datasets/YUPENN_dynamic_scenes_data_set/frames/Beach/beach_01/ 129 0
/opt/Datasets/YUPENN_dynamic_scenes_data_set/frames/Beach/beach_02/ 1 0
/opt/Datasets/YUPENN_dynamic_scenes_data_set/frames/Beach/beach_02/ 17 0
/opt/Datasets/YUPENN_dynamic_scenes_data_set/frames/Beach/beach_02/ 33 0
/opt/Datasets/YUPENN_dynamic_scenes_data_set/frames/Beach/beach_02/ 49 0
/opt/Datasets/YUPENN_dynamic_scenes_data_set/frames/Beach/beach_02/ 65 0
/opt/Datasets/YUPENN_dynamic_scenes_data_set/frames/Beach/beach_02/ 81 0
/opt/Datasets/YUPENN_dynamic_scenes_data_set/frames/Beach/beach_02/ 97 0
/opt/Datasets/YUPENN_dynamic_scenes_data_set/frames/Beach/beach_02/ 113 0
/opt/Datasets/YUPENN_dynamic_scenes_data_set/frames/Beach/beach_02/ 129 0
/opt/Datasets/YUPENN_dynamic_scenes_data_set/frames/Beach/beach_02/ 145 0
/opt/Datasets/YUPENN_dynamic_scenes_data_set/frames/Beach/beach_02/ 161 0
/opt/Datasets/YUPENN_dynamic_scenes_data_set/frames/Beach/beach_03/ 1 0
/opt/Datasets/YUPENN_dynamic_scenes_data_set/frames/Beach/beach_03/ 17 0
/opt/Datasets/YUPENN_dynamic_scenes_data_set/frames/Beach/beach_03/ 33 0
/opt/Datasets/YUPENN_dynamic_scenes_data_set/frames/Beach/beach_03/ 49 0
/opt/Datasets/YUPENN_dynamic_scenes_data_set/frames/Beach/beach_03/ 65 0
/opt/Datasets/YUPENN_dynamic_scenes_data_set/frames/Beach/beach_03/ 81 0
/opt/Datasets/YUPENN_dynamic_scenes_data_set/frames/Beach/beach_03/ 97 0
/opt/Datasets/YUPENN_dynamic_scenes_data_set/frames/Beach/beach_03/ 113 0
/opt/Datasets/YUPENN_dynamic_scenes_data_set/frames/Beach/beach_03/ 129 0
/opt/Datasets/YUPENN_dynamic_scenes_data_set/frames/Beach/beach_04/ 1 0
/opt/Datasets/YUPENN_dynamic_scenes_data_set/frames/Beach/beach_04/ 17 0
/opt/Datasets/YUPENN_dynamic_scenes_data_set/frames/Beach/beach_04/ 33 0
/opt/Datasets/YUPENN_dynamic_scenes_data_set/frames/Beach/beach_04/ 49 0
/opt/Datasets/YUPENN_dynamic_scenes_data_set/frames/Beach/beach_04/ 65 0
/opt/Datasets/YUPENN_dynamic_scenes_data_set/frames/Beach/beach_04/ 81 0
/opt/Datasets/YUPENN_dynamic_scenes_data_set/frames/Beach/beach_04/ 97 0
/opt/Datasets/YUPENN_dynamic_scenes_data_set/frames/Beach/beach_04/ 113 0
/opt/Datasets/YUPENN_dynamic_scenes_data_set/frames/Beach/beach_04/ 129 0
/opt/Datasets/YUPENN_dynamic_scenes_data_set/frames/Beach/beach_05/ 1 0
/opt/Datasets/YUPENN_dynamic_scenes_data_set/frames/Beach/beach_05/ 17 0
/opt/Datasets/YUPENN_dynamic_scenes_data_set/frames/Beach/beach_05/ 33 0
/opt/Datasets/YUPENN_dynamic_scenes_data_set/frames/Beach/beach_05/ 49 0
/opt/Datasets/YUPENN_dynamic_scenes_data_set/frames/Beach/beach_05/ 65 0
/opt/Datasets/YUPENN_dynamic_scenes_data_set/frames/Beach/beach_05/ 81 0
/opt/Datasets/YUPENN_dynamic_scenes_data_set/frames/Beach/beach_06/ 1 0
/opt/Datasets/YUPENN_dynamic_scenes_data_set/frames/Beach/beach_06/ 17 0
/opt/Datasets/YUPENN_dynamic_scenes_data_set/frames/Beach/beach_06/ 33 0
/opt/Datasets/YUPENN_dynamic_scenes_data_set/frames/Beach/beach_06/ 49 0
/opt/Datasets/YUPENN_dynamic_scenes_data_set/frames/Beach/beach_06/ 65 0
/opt/Datasets/YUPENN_dynamic_scenes_data_set/frames/Beach/beach_06/ 81 0
/opt/Datasets/YUPENN_dynamic_scenes_data_set/frames/Beach/beach_06/ 97 0
/opt/Datasets/YUPENN_dynamic_scenes_data_set/frames/Beach/beach_06/ 113 0
/opt/Datasets/YUPENN_dynamic_scenes_data_set/frames/Beach/beach_06/ 129 0
/opt/Datasets/YUPENN_dynamic_scenes_data_set/frames/Beach/beach_07/ 1 0
/opt/Datasets/YUPENN_dynamic_scenes_data_set/frames/Beach/beach_07/ 17 0
/opt/Datasets/YUPENN_dynamic_scenes_data_set/frames/Beach/beach_07/ 33 0
/opt/Datasets/YUPENN_dynamic_scenes_data_set/frames/Beach/beach_07/ 49 0
/opt/Datasets/YUPENN_dynamic_scenes_data_set/frames/Beach/beach_07/ 65 0
/opt/Datasets/YUPENN_dynamic_scenes_data_set/frames/Beach/beach_07/ 81 0
/opt/Datasets/YUPENN_dynamic_scenes_data_set/frames/Beach/beach_07/ 97 0
/opt/Datasets/YUPENN_dynamic_scenes_data_set/frames/Beach/beach_07/ 113 0
/opt/Datasets/YUPENN_dynamic_scenes_data_set/frames/Beach/beach_07/ 129 0
/opt/Datasets/YUPENN_dynamic_scenes_data_set/frames/Beach/beach_08/ 1 0
/opt/Datasets/YUPENN_dynamic_scenes_data_set/frames/Beach/beach_08/ 17 0
/opt/Datasets/YUPENN_dynamic_scenes_data_set/frames/Beach/beach_08/ 33 0
/opt/Datasets/YUPENN_dynamic_scenes_data_set/frames/Beach/beach_08/ 49 0
/opt/Datasets/YUPENN_dynamic_scenes_data_set/frames/Beach/beach_08/ 65 0
/opt/Datasets/YUPENN_dynamic_scenes_data_set/frames/Beach/beach_08/ 81 0
/opt/Datasets/YUPENN_dynamic_scenes_data_set/frames/Beach/beach_08/ 97 0
/opt/Datasets/YUPENN_dynamic_scenes_data_set/frames/Beach/beach_08/ 113 0
/opt/Datasets/YUPENN_dynamic_scenes_data_set/frames/Beach/beach_08/ 129 0
/opt/Datasets/YUPENN_dynamic_scenes_data_set/frames/Beach/beach_09/ 1 0
/opt/Datasets/YUPENN_dynamic_scenes_data_set/frames/Beach/beach_09/ 17 0
/opt/Datasets/YUPENN_dynamic_scenes_data_set/frames/Beach/beach_09/ 33 0
/opt/Datasets/YUPENN_dynamic_scenes_data_set/frames/Beach/beach_09/ 49 0
/opt/Datasets/YUPENN_dynamic_scenes_data_set/frames/Beach/beach_09/ 65 0
/opt/Datasets/YUPENN_dynamic_scenes_data_set/frames/Beach/beach_09/ 81 0
/opt/Datasets/YUPENN_dynamic_scenes_data_set/frames/Beach/beach_09/ 97 0
/opt/Datasets/YUPENN_dynamic_scenes_data_set/frames/Beach/beach_09/ 113 0
/opt/Datasets/YUPENN_dynamic_scenes_data_set/frames/Beach/beach_09/ 129 0
/opt/Datasets/YUPENN_dynamic_scenes_data_set/frames/Beach/beach_10/ 1 0
/opt/Datasets/YUPENN_dynamic_scenes_data_set/frames/Beach/beach_10/ 17 0
/opt/Datasets/YUPENN_dynamic_scenes_data_set/frames/Beach/beach_10/ 33 0
/opt/Datasets/YUPENN_dynamic_scenes_data_set/frames/Beach/beach_10/ 49 0
/opt/Datasets/YUPENN_dynamic_scenes_data_set/frames/Beach/beach_10/ 65 0
/opt/Datasets/YUPENN_dynamic_scenes_data_set/frames/Beach/beach_10/ 81 0
/opt/Datasets/YUPENN_dynamic_scenes_data_set/frames/Beach/beach_10/ 97 0
/opt/Datasets/YUPENN_dynamic_scenes_data_set/frames/Beach/beach_10/ 113 0
/opt/Datasets/YUPENN_dynamic_scenes_data_set/frames/Beach/beach_10/ 129 0
/opt/Datasets/YUPENN_dynamic_scenes_data_set/frames/Beach/beach_11/ 1 0
/opt/Datasets/YUPENN_dynamic_scenes_data_set/frames/Beach/beach_11/ 17 0
/opt/Datasets/YUPENN_dynamic_scenes_data_set/frames/Beach/beach_11/ 33 0
/opt/Datasets/YUPENN_dynamic_scenes_data_set/frames/Beach/beach_11/ 49 0
/opt/Datasets/YUPENN_dynamic_scenes_data_set/frames/Beach/beach_11/ 65 0
/opt/Datasets/YUPENN_dynamic_scenes_data_set/frames/Beach/beach_11/ 81 0
/opt/Datasets/YUPENN_dynamic_scenes_data_set/frames/Beach/beach_11/ 97 0
/opt/Datasets/YUPENN_dynamic_scenes_data_set/frames/Beach/beach_11/ 113 0
/opt/Datasets/YUPENN_dynamic_scenes_data_set/frames/Beach/beach_11/ 129 0
/opt/Datasets/YUPENN_dynamic_scenes_data_set/frames/Beach/beach_12/ 1 0
/opt/Datasets/YUPENN_dynamic_scenes_data_set/frames/Beach/beach_12/ 17 0
/opt/Datasets/YUPENN_dynamic_scenes_data_set/frames/Beach/beach_12/ 33 0
/opt/Datasets/YUPENN_dynamic_scenes_data_set/frames/Beach/beach_12/ 49 0
/opt/Datasets/YUPENN_dynamic_scenes_data_set/frames/Beach/beach_12/ 65 0
/opt/Datasets/YUPENN_dynamic_scenes_data_set/frames/Beach/beach_12/ 81 0
/opt/Datasets/YUPENN_dynamic_scenes_data_set/frames/Beach/beach_12/ 97 0
/opt/Datasets/YUPENN_dynamic_scenes_data_set/frames/Beach/beach_12/ 113 0
/opt/Datasets/YUPENN_dynamic_scenes_data_set/frames/Beach/beach_12/ 129 0
/opt/Datasets/YUPENN_dynamic_scenes_data_set/frames/Beach/beach_13/ 1 0
/opt/Datasets/YUPENN_dynamic_scenes_data_set/frames/Beach/beach_13/ 17 0
/opt/Datasets/YUPENN_dynamic_scenes_data_set/frames/Beach/beach_13/ 33 0
/opt/Datasets/YUPENN_dynamic_scenes_data_set/frames/Beach/beach_13/ 49 0
/opt/Datasets/YUPENN_dynamic_scenes_data_set/frames/Beach/beach_13/ 65 0
/opt/Datasets/YUPENN_dynamic_scenes_data_set/frames/Beach/beach_13/ 81 0
/opt/Datasets/YUPENN_dynamic_scenes_data_set/frames/Beach/beach_13/ 97 0
/opt/Datasets/YUPENN_dynamic_scenes_data_set/frames/Beach/beach_13/ 113 0
/opt/Datasets/YUPENN_dynamic_scenes_data_set/frames/Beach/beach_13/ 129 0
/opt/Datasets/YUPENN_dynamic_scenes_data_set/frames/Beach/beach_14/ 1 0
/opt/Datasets/YUPENN_dynamic_scenes_data_set/frames/Beach/beach_14/ 17 0
/opt/Datasets/YUPENN_dynamic_scenes_data_set/frames/Beach/beach_14/ 33 0
/opt/Datasets/YUPENN_dynamic_scenes_data_set/frames/Beach/beach_14/ 49 0
/opt/Datasets/YUPENN_dynamic_scenes_data_set/frames/Beach/beach_14/ 65 0
/opt/Datasets/YUPENN_dynamic_scenes_data_set/frames/Beach/beach_14/ 81 0
/opt/Datasets/YUPENN_dynamic_scenes_data_set/frames/Beach/beach_14/ 97 0
/opt/Datasets/YUPENN_dynamic_scenes_data_set/frames/Beach/beach_14/ 113 0
/opt/Datasets/YUPENN_dynamic_scenes_data_set/frames/Beach/beach_14/ 129 0
/opt/Datasets/YUPENN_dynamic_scenes_data_set/frames/Beach/beach_15/ 1 0
/opt/Datasets/YUPENN_dynamic_scenes_data_set/frames/Beach/beach_15/ 17 0
/opt/Datasets/YUPENN_dynamic_scenes_data_set/frames/Beach/beach_15/ 33 0
/opt/Datasets/YUPENN_dynamic_scenes_data_set/frames/Beach/beach_15/ 49 0
/opt/Datasets/YUPENN_dynamic_scenes_data_set/frames/Beach/beach_15/ 65 0
/opt/Datasets/YUPENN_dynamic_scenes_data_set/frames/Beach/beach_15/ 81 0
/opt/Datasets/YUPENN_dynamic_scenes_data_set/frames/Beach/beach_15/ 97 0
/opt/Datasets/YUPENN_dynamic_scenes_data_set/frames/Beach/beach_15/ 113 0
/opt/Datasets/YUPENN_dynamic_scenes_data_set/frames/Beach/beach_15/ 129 0
/opt/Datasets/YUPENN_dynamic_scenes_data_set/frames/Beach/beach_16/ 1 0
/opt/Datasets/YUPENN_dynamic_scenes_data_set/frames/Beach/beach_16/ 17 0
/opt/Datasets/YUPENN_dynamic_scenes_data_set/frames/Beach/beach_16/ 33 0
/opt/Datasets/YUPENN_dynamic_scenes_data_set/frames/Beach/beach_16/ 49 0
/opt/Datasets/YUPENN_dynamic_scenes_data_set/frames/Beach/beach_16/ 65 0
/opt/Datasets/YUPENN_dynamic_scenes_data_set/frames/Beach/beach_16/ 81 0
/opt/Datasets/YUPENN_dynamic_scenes_data_set/frames/Beach/beach_16/ 97 0
/opt/Datasets/YUPENN_dynamic_scenes_data_set/frames/Beach/beach_16/ 113 0
/opt/Datasets/YUPENN_dynamic_scenes_data_set/frames/Beach/beach_16/ 129 0
/opt/Datasets/YUPENN_dynamic_scenes_data_set/frames/Beach/beach_17/ 1 0
/opt/Datasets/YUPENN_dynamic_scenes_data_set/frames/Beach/beach_17/ 17 0
/opt/Datasets/YUPENN_dynamic_scenes_data_set/frames/Beach/beach_17/ 33 0
/opt/Datasets/YUPENN_dynamic_scenes_data_set/frames/Beach/beach_17/ 49 0
/opt/Datasets/YUPENN_dynamic_scenes_data_set/frames/Beach/beach_17/ 65 0
/opt/Datasets/YUPENN_dynamic_scenes_data_set/frames/Beach/beach_17/ 81 0
/opt/Datasets/YUPENN_dynamic_scenes_data_set/frames/Beach/beach_17/ 97 0
/opt/Datasets/YUPENN_dynamic_scenes_data_set/frames/Beach/beach_17/ 113 0
/opt/Datasets/YUPENN_dynamic_scenes_data_set/frames/Beach/beach_17/ 129 0
/opt/Datasets/YUPENN_dynamic_scenes_data_set/frames/Beach/beach_18/ 1 0
/opt/Datasets/YUPENN_dynamic_scenes_data_set/frames/Beach/beach_18/ 17 0
/opt/Datasets/YUPENN_dynamic_scenes_data_set/frames/Beach/beach_18/ 33 0
/opt/Datasets/YUPENN_dynamic_scenes_data_set/frames/Beach/beach_18/ 49 0
/opt/Datasets/YUPENN_dynamic_scenes_data_set/frames/Beach/beach_18/ 65 0
/opt/Datasets/YUPENN_dynamic_scenes_data_set/frames/Beach/beach_18/ 81 0
/opt/Datasets/YUPENN_dynamic_scenes_data_set/frames/Beach/beach_18/ 97 0
/opt/Datasets/YUPENN_dynamic_scenes_data_set/frames/Beach/beach_18/ 113 0
/opt/Datasets/YUPENN_dynamic_scenes_data_set/frames/Beach/beach_18/ 129 0
/opt/Datasets/YUPENN_dynamic_scenes_data_set/frames/Beach/beach_19/ 1 0
/opt/Datasets/YUPENN_dynamic_scenes_data_set/frames/Beach/beach_19/ 17 0
/opt/Datasets/YUPENN_dynamic_scenes_data_set/frames/Beach/beach_19/ 33 0
/opt/Datasets/YUPENN_dynamic_scenes_data_set/frames/Beach/beach_19/ 49 0
/opt/Datasets/YUPENN_dynamic_scenes_data_set/frames/Beach/beach_19/ 65 0
/opt/Datasets/YUPENN_dynamic_scenes_data_set/frames/Beach/beach_19/ 81 0
/opt/Datasets/YUPENN_dynamic_scenes_data_set/frames/Beach/beach_19/ 97 0
/opt/Datasets/YUPENN_dynamic_scenes_data_set/frames/Beach/beach_19/ 113 0
/opt/Datasets/YUPENN_dynamic_scenes_data_set/frames/Beach/beach_19/ 129 0
/opt/Datasets/YUPENN_dynamic_scenes_data_set/frames/Beach/beach_20/ 1 0
/opt/Datasets/YUPENN_dynamic_scenes_data_set/frames/Beach/beach_20/ 17 0
/opt/Datasets/YUPENN_dynamic_scenes_data_set/frames/Beach/beach_20/ 33 0
/opt/Datasets/YUPENN_dynamic_scenes_data_set/frames/Beach/beach_20/ 49 0
/opt/Datasets/YUPENN_dynamic_scenes_data_set/frames/Beach/beach_20/ 65 0
/opt/Datasets/YUPENN_dynamic_scenes_data_set/frames/Beach/beach_20/ 81 0
/opt/Datasets/YUPENN_dynamic_scenes_data_set/frames/Beach/beach_20/ 97 0
/opt/Datasets/YUPENN_dynamic_scenes_data_set/frames/Beach/beach_20/ 113 0
/opt/Datasets/YUPENN_dynamic_scenes_data_set/frames/Beach/beach_20/ 129 0
/opt/Datasets/YUPENN_dynamic_scenes_data_set/frames/Beach/beach_21/ 1 0
/opt/Datasets/YUPENN_dynamic_scenes_data_set/frames/Beach/beach_21/ 17 0
/opt/Datasets/YUPENN_dynamic_scenes_data_set/frames/Beach/beach_21/ 33 0
/opt/Datasets/YUPENN_dynamic_scenes_data_set/frames/Beach/beach_21/ 49 0
/opt/Datasets/YUPENN_dynamic_scenes_data_set/frames/Beach/beach_21/ 65 0
/opt/Datasets/YUPENN_dynamic_scenes_data_set/frames/Beach/beach_21/ 81 0
/opt/Datasets/YUPENN_dynamic_scenes_data_set/frames/Beach/beach_21/ 97 0
/opt/Datasets/YUPENN_dynamic_scenes_data_set/frames/Beach/beach_21/ 113 0
/opt/Datasets/YUPENN_dynamic_scenes_data_set/frames/Beach/beach_21/ 129 0
/opt/Datasets/YUPENN_dynamic_scenes_data_set/frames/Beach/beach_22/ 1 0
/opt/Datasets/YUPENN_dynamic_scenes_data_set/frames/Beach/beach_22/ 17 0
/opt/Datasets/YUPENN_dynamic_scenes_data_set/frames/Beach/beach_22/ 33 0
/opt/Datasets/YUPENN_dynamic_scenes_data_set/frames/Beach/beach_22/ 49 0
/opt/Datasets/YUPENN_dynamic_scenes_data_set/frames/Beach/beach_22/ 65 0
/opt/Datasets/YUPENN_dynamic_scenes_data_set/frames/Beach/beach_22/ 81 0
/opt/Datasets/YUPENN_dynamic_scenes_data_set/frames/Beach/beach_22/ 97 0
/opt/Datasets/YUPENN_dynamic_scenes_data_set/frames/Beach/beach_22/ 113 0
/opt/Datasets/YUPENN_dynamic_scenes_data_set/frames/Beach/beach_22/ 129 0
/opt/Datasets/YUPENN_dynamic_scenes_data_set/frames/Beach/beach_23/ 1 0
/opt/Datasets/YUPENN_dynamic_scenes_data_set/frames/Beach/beach_23/ 17 0
/opt/Datasets/YUPENN_dynamic_scenes_data_set/frames/Beach/beach_23/ 33 0
/opt/Datasets/YUPENN_dynamic_scenes_data_set/frames/Beach/beach_23/ 49 0
/opt/Datasets/YUPENN_dynamic_scenes_data_set/frames/Beach/beach_23/ 65 0
/opt/Datasets/YUPENN_dynamic_scenes_data_set/frames/Beach/beach_23/ 81 0
/opt/Datasets/YUPENN_dynamic_scenes_data_set/frames/Beach/beach_23/ 97 0
/opt/Datasets/YUPENN_dynamic_scenes_data_set/frames/Beach/beach_23/ 113 0
/opt/Datasets/YUPENN_dynamic_scenes_data_set/frames/Beach/beach_23/ 129 0
/opt/Datasets/YUPENN_dynamic_scenes_data_set/frames/Beach/beach_24/ 1 0
/opt/Datasets/YUPENN_dynamic_scenes_data_set/frames/Beach/beach_24/ 17 0
/opt/Datasets/YUPENN_dynamic_scenes_data_set/frames/Beach/beach_24/ 33 0
/opt/Datasets/YUPENN_dynamic_scenes_data_set/frames/Beach/beach_24/ 49 0
/opt/Datasets/YUPENN_dynamic_scenes_data_set/frames/Beach/beach_24/ 65 0
/opt/Datasets/YUPENN_dynamic_scenes_data_set/frames/Beach/beach_24/ 81 0
/opt/Datasets/YUPENN_dynamic_scenes_data_set/frames/Beach/beach_24/ 97 0
/opt/Datasets/YUPENN_dynamic_scenes_data_set/frames/Beach/beach_24/ 113 0
/opt/Datasets/YUPENN_dynamic_scenes_data_set/frames/Beach/beach_24/ 129 0
/opt/Datasets/YUPENN_dynamic_scenes_data_set/frames/Beach/beach_25/ 1 0
/opt/Datasets/YUPENN_dynamic_scenes_data_set/frames/Beach/beach_25/ 17 0
/opt/Datasets/YUPENN_dynamic_scenes_data_set/frames/Beach/beach_25/ 33 0
/opt/Datasets/YUPENN_dynamic_scenes_data_set/frames/Beach/beach_25/ 49 0
/opt/Datasets/YUPENN_dynamic_scenes_data_set/frames/Beach/beach_25/ 65 0
/opt/Datasets/YUPENN_dynamic_scenes_data_set/frames/Beach/beach_25/ 81 0
/opt/Datasets/YUPENN_dynamic_scenes_data_set/frames/Beach/beach_25/ 97 0
/opt/Datasets/YUPENN_dynamic_scenes_data_set/frames/Beach/beach_25/ 113 0
/opt/Datasets/YUPENN_dynamic_scenes_data_set/frames/Beach/beach_25/ 129 0
/opt/Datasets/YUPENN_dynamic_scenes_data_set/frames/Elevator/elevator_01/ 1 1
/opt/Datasets/YUPENN_dynamic_scenes_data_set/frames/Elevator/elevator_01/ 17 1
/opt/Datasets/YUPENN_dynamic_scenes_data_set/frames/Elevator/elevator_01/ 33 1
/opt/Datasets/YUPENN_dynamic_scenes_data_set/frames/Elevator/elevator_01/ 49 1
/opt/Datasets/YUPENN_dynamic_scenes_data_set/frames/Elevator/elevator_01/ 65 1
/opt/Datasets/YUPENN_dynamic_scenes_data_set/frames/Elevator/elevator_01/ 81 1
/opt/Datasets/YUPENN_dynamic_scenes_data_set/frames/Elevator/elevator_01/ 97 1
/opt/Datasets/YUPENN_dynamic_scenes_data_set/frames/Elevator/elevator_01/ 113 1
/opt/Datasets/YUPENN_dynamic_scenes_data_set/frames/Elevator/elevator_01/ 129 1
/opt/Datasets/YUPENN_dynamic_scenes_data_set/frames/Elevator/elevator_02/ 1 1
/opt/Datasets/YUPENN_dynamic_scenes_data_set/frames/Elevator/elevator_02/ 17 1
/opt/Datasets/YUPENN_dynamic_scenes_data_set/frames/Elevator/elevator_02/ 33 1
/opt/Datasets/YUPENN_dynamic_scenes_data_set/frames/Elevator/elevator_02/ 49 1
/opt/Datasets/YUPENN_dynamic_scenes_data_set/frames/Elevator/elevator_02/ 65 1
/opt/Datasets/YUPENN_dynamic_scenes_data_set/frames/Elevator/elevator_02/ 81 1
/opt/Datasets/YUPENN_dynamic_scenes_data_set/frames/Elevator/elevator_02/ 97 1
/opt/Datasets/YUPENN_dynamic_scenes_data_set/frames/Elevator/elevator_02/ 113 1
/opt/Datasets/YUPENN_dynamic_scenes_data_set/frames/Elevator/elevator_02/ 129 1
/opt/Datasets/YUPENN_dynamic_scenes_data_set/frames/Elevator/elevator_03/ 1 1
/opt/Datasets/YUPENN_dynamic_scenes_data_set/frames/Elevator/elevator_03/ 17 1
/opt/Datasets/YUPENN_dynamic_scenes_data_set/frames/Elevator/elevator_03/ 33 1
/opt/Datasets/YUPENN_dynamic_scenes_data_set/frames/Elevator/elevator_03/ 49 1
/opt/Datasets/YUPENN_dynamic_scenes_data_set/frames/Elevator/elevator_03/ 65 1
/opt/Datasets/YUPENN_dynamic_scenes_data_set/frames/Elevator/elevator_03/ 81 1
/opt/Datasets/YUPENN_dynamic_scenes_data_set/frames/Elevator/elevator_03/ 97 1
/opt/Datasets/YUPENN_dynamic_scenes_data_set/frames/Elevator/elevator_03/ 113 1
/opt/Datasets/YUPENN_dynamic_scenes_data_set/frames/Elevator/elevator_03/ 129 1
/opt/Datasets/YUPENN_dynamic_scenes_data_set/frames/Elevator/elevator_04/ 1 1
/opt/Datasets/YUPENN_dynamic_scenes_data_set/frames/Elevator/elevator_04/ 17 1
/opt/Datasets/YUPENN_dynamic_scenes_data_set/frames/Elevator/elevator_04/ 33 1
/opt/Datasets/YUPENN_dynamic_scenes_data_set/frames/Elevator/elevator_04/ 49 1
/opt/Datasets/YUPENN_dynamic_scenes_data_set/frames/Elevator/elevator_04/ 65 1
/opt/Datasets/YUPENN_dynamic_scenes_data_set/frames/Elevator/elevator_04/ 81 1
/opt/Datasets/YUPENN_dynamic_scenes_data_set/frames/Elevator/elevator_04/ 97 1
/opt/Datasets/YUPENN_dynamic_scenes_data_set/frames/Elevator/elevator_04/ 113 1
/opt/Datasets/YUPENN_dynamic_scenes_data_set/frames/Elevator/elevator_04/ 129 1
/opt/Datasets/YUPENN_dynamic_scenes_data_set/frames/Elevator/elevator_05/ 1 1
/opt/Datasets/YUPENN_dynamic_scenes_data_set/frames/Elevator/elevator_05/ 17 1
/opt/Datasets/YUPENN_dynamic_scenes_data_set/frames/Elevator/elevator_05/ 33 1
/opt/Datasets/YUPENN_dynamic_scenes_data_set/frames/Elevator/elevator_05/ 49 1
/opt/Datasets/YUPENN_dynamic_scenes_data_set/frames/Elevator/elevator_05/ 65 1
/opt/Datasets/YUPENN_dynamic_scenes_data_set/frames/Elevator/elevator_05/ 81 1
/opt/Datasets/YUPENN_dynamic_scenes_data_set/frames/Elevator/elevator_05/ 97 1
/opt/Datasets/YUPENN_dynamic_scenes_data_set/frames/Elevator/elevator_05/ 113 1
/opt/Datasets/YUPENN_dynamic_scenes_data_set/frames/Elevator/elevator_05/ 129 1
/opt/Datasets/YUPENN_dynamic_scenes_data_set/frames/Elevator/elevator_06/ 1 1
/opt/Datasets/YUPENN_dynamic_scenes_data_set/frames/Elevator/elevator_06/ 17 1
/opt/Datasets/YUPENN_dynamic_scenes_data_set/frames/Elevator/elevator_06/ 33 1
/opt/Datasets/YUPENN_dynamic_scenes_data_set/frames/Elevator/elevator_06/ 49 1
/opt/Datasets/YUPENN_dynamic_scenes_data_set/frames/Elevator/elevator_06/ 65 1
/opt/Datasets/YUPENN_dynamic_scenes_data_set/frames/Elevator/elevator_06/ 81 1
/opt/Datasets/YUPENN_dynamic_scenes_data_set/frames/Elevator/elevator_06/ 97 1
/opt/Datasets/YUPENN_dynamic_scenes_data_set/frames/Elevator/elevator_06/ 113 1
/opt/Datasets/YUPENN_dynamic_scenes_data_set/frames/Elevator/elevator_06/ 129 1
/opt/Datasets/YUPENN_dynamic_scenes_data_set/frames/Elevator/elevator_07/ 1 1
/opt/Datasets/YUPENN_dynamic_scenes_data_set/frames/Elevator/elevator_07/ 17 1
/opt/Datasets/YUPENN_dynamic_scenes_data_set/frames/Elevator/elevator_07/ 33 1
/opt/Datasets/YUPENN_dynamic_scenes_data_set/frames/Elevator/elevator_07/ 49 1
/opt/Datasets/YUPENN_dynamic_scenes_data_set/frames/Elevator/elevator_07/ 65 1
/opt/Datasets/YUPENN_dynamic_scenes_data_set/frames/Elevator/elevator_07/ 81 1
/opt/Datasets/YUPENN_dynamic_scenes_data_set/frames/Elevator/elevator_07/ 97 1
/opt/Datasets/YUPENN_dynamic_scenes_data_set/frames/Elevator/elevator_07/ 113 1
/opt/Datasets/YUPENN_dynamic_scenes_data_set/frames/Elevator/elevator_07/ 129 1
/opt/Datasets/YUPENN_dynamic_scenes_data_set/frames/Elevator/elevator_08/ 1 1
/opt/Datasets/YUPENN_dynamic_scenes_data_set/frames/Elevator/elevator_08/ 17 1
/opt/Datasets/YUPENN_dynamic_scenes_data_set/frames/Elevator/elevator_08/ 33 1
/opt/Datasets/YUPENN_dynamic_scenes_data_set/frames/Elevator/elevator_08/ 49 1
/opt/Datasets/YUPENN_dynamic_scenes_data_set/frames/Elevator/elevator_08/ 65 1
/opt/Datasets/YUPENN_dynamic_scenes_data_set/frames/Elevator/elevator_08/ 81 1
/opt/Datasets/YUPENN_dynamic_scenes_data_set/frames/Elevator/elevator_08/ 97 1
/opt/Datasets/YUPENN_dynamic_scenes_data_set/frames/Elevator/elevator_08/ 113 1
/opt/Datasets/YUPENN_dynamic_scenes_data_set/frames/Elevator/elevator_08/ 129 1
/opt/Datasets/YUPENN_dynamic_scenes_data_set/frames/Elevator/elevator_09/ 1 1
/opt/Datasets/YUPENN_dynamic_scenes_data_set/frames/Elevator/elevator_09/ 17 1
/opt/Datasets/YUPENN_dynamic_scenes_data_set/frames/Elevator/elevator_09/ 33 1
/opt/Datasets/YUPENN_dynamic_scenes_data_set/frames/Elevator/elevator_09/ 49 1
/opt/Datasets/YUPENN_dynamic_scenes_data_set/frames/Elevator/elevator_09/ 65 1
/opt/Datasets/YUPENN_dynamic_scenes_data_set/frames/Elevator/elevator_09/ 81 1
/opt/Datasets/YUPENN_dynamic_scenes_data_set/frames/Elevator/elevator_09/ 97 1
/opt/Datasets/YUPENN_dynamic_scenes_data_set/frames/Elevator/elevator_09/ 113 1
/opt/Datasets/YUPENN_dynamic_scenes_data_set/frames/Elevator/elevator_09/ 129 1
/opt/Datasets/YUPENN_dynamic_scenes_data_set/frames/Elevator/elevator_10/ 1 1
/opt/Datasets/YUPENN_dynamic_scenes_data_set/frames/Elevator/elevator_10/ 17 1
/opt/Datasets/YUPENN_dynamic_scenes_data_set/frames/Elevator/elevator_10/ 33 1
/opt/Datasets/YUPENN_dynamic_scenes_data_set/frames/Elevator/elevator_10/ 49 1
/opt/Datasets/YUPENN_dynamic_scenes_data_set/frames/Elevator/elevator_10/ 65 1
/opt/Datasets/YUPENN_dynamic_scenes_data_set/frames/Elevator/elevator_10/ 81 1
/opt/Datasets/YUPENN_dynamic_scenes_data_set/frames/Elevator/elevator_10/ 97 1
/opt/Datasets/YUPENN_dynamic_scenes_data_set/frames/Elevator/elevator_10/ 113 1
/opt/Datasets/YUPENN_dynamic_scenes_data_set/frames/Elevator/elevator_10/ 129 1
/opt/Datasets/YUPENN_dynamic_scenes_data_set/frames/Elevator/elevator_11/ 1 1
/opt/Datasets/YUPENN_dynamic_scenes_data_set/frames/Elevator/elevator_11/ 17 1
/opt/Datasets/YUPENN_dynamic_scenes_data_set/frames/Elevator/elevator_11/ 33 1
/opt/Datasets/YUPENN_dynamic_scenes_data_set/frames/Elevator/elevator_11/ 49 1
/opt/Datasets/YUPENN_dynamic_scenes_data_set/frames/Elevator/elevator_11/ 65 1
/opt/Datasets/YUPENN_dynamic_scenes_data_set/frames/Elevator/elevator_11/ 81 1
/opt/Datasets/YUPENN_dynamic_scenes_data_set/frames/Elevator/elevator_11/ 97 1
/opt/Datasets/YUPENN_dynamic_scenes_data_set/frames/Elevator/elevator_11/ 113 1
/opt/Datasets/YUPENN_dynamic_scenes_data_set/frames/Elevator/elevator_11/ 129 1
/opt/Datasets/YUPENN_dynamic_scenes_data_set/frames/Elevator/elevator_12/ 1 1
/opt/Datasets/YUPENN_dynamic_scenes_data_set/frames/Elevator/elevator_12/ 17 1
/opt/Datasets/YUPENN_dynamic_scenes_data_set/frames/Elevator/elevator_12/ 33 1
/opt/Datasets/YUPENN_dynamic_scenes_data_set/frames/Elevator/elevator_12/ 49 1
/opt/Datasets/YUPENN_dynamic_scenes_data_set/frames/Elevator/elevator_12/ 65 1
/opt/Datasets/YUPENN_dynamic_scenes_data_set/frames/Elevator/elevator_12/ 81 1
/opt/Datasets/YUPENN_dynamic_scenes_data_set/frames/Elevator/elevator_12/ 97 1
/opt/Datasets/YUPENN_dynamic_scenes_data_set/frames/Elevator/elevator_12/ 113 1
/opt/Datasets/YUPENN_dynamic_scenes_data_set/frames/Elevator/elevator_12/ 129 1
/opt/Datasets/YUPENN_dynamic_scenes_data_set/frames/Elevator/elevator_13/ 1 1
/opt/Datasets/YUPENN_dynamic_scenes_data_set/frames/Elevator/elevator_13/ 17 1
/opt/Datasets/YUPENN_dynamic_scenes_data_set/frames/Elevator/elevator_13/ 33 1
/opt/Datasets/YUPENN_dynamic_scenes_data_set/frames/Elevator/elevator_13/ 49 1
/opt/Datasets/YUPENN_dynamic_scenes_data_set/frames/Elevator/elevator_13/ 65 1
/opt/Datasets/YUPENN_dynamic_scenes_data_set/frames/Elevator/elevator_13/ 81 1
/opt/Datasets/YUPENN_dynamic_scenes_data_set/frames/Elevator/elevator_13/ 97 1
/opt/Datasets/YUPENN_dynamic_scenes_data_set/frames/Elevator/elevator_13/ 113 1
/opt/Datasets/YUPENN_dynamic_scenes_data_set/frames/Elevator/elevator_13/ 129 1
/opt/Datasets/YUPENN_dynamic_scenes_data_set/frames/Elevator/elevator_14/ 1 1
/opt/Datasets/YUPENN_dynamic_scenes_data_set/frames/Elevator/elevator_14/ 17 1
/opt/Datasets/YUPENN_dynamic_scenes_data_set/frames/Elevator/elevator_14/ 33 1
/opt/Datasets/YUPENN_dynamic_scenes_data_set/frames/Elevator/elevator_14/ 49 1
/opt/Datasets/YUPENN_dynamic_scenes_data_set/frames/Elevator/elevator_14/ 65 1
/opt/Datasets/YUPENN_dynamic_scenes_data_set/frames/Elevator/elevator_14/ 81 1
/opt/Datasets/YUPENN_dynamic_scenes_data_set/frames/Elevator/elevator_14/ 97 1
/opt/Datasets/YUPENN_dynamic_scenes_data_set/frames/Elevator/elevator_14/ 113 1
/opt/Datasets/YUPENN_dynamic_scenes_data_set/frames/Elevator/elevator_14/ 129 1
/opt/Datasets/YUPENN_dynamic_scenes_data_set/frames/Elevator/elevator_14/ 145 1
/opt/Datasets/YUPENN_dynamic_scenes_data_set/frames/Elevator/elevator_14/ 161 1
/opt/Datasets/YUPENN_dynamic_scenes_data_set/frames/Elevator/elevator_15/ 1 1
/opt/Datasets/YUPENN_dynamic_scenes_data_set/frames/Elevator/elevator_15/ 17 1
/opt/Datasets/YUPENN_dynamic_scenes_data_set/frames/Elevator/elevator_15/ 33 1
/opt/Datasets/YUPENN_dynamic_scenes_data_set/frames/Elevator/elevator_15/ 49 1
/opt/Datasets/YUPENN_dynamic_scenes_data_set/frames/Elevator/elevator_15/ 65 1
/opt/Datasets/YUPENN_dynamic_scenes_data_set/frames/Elevator/elevator_15/ 81 1
/opt/Datasets/YUPENN_dynamic_scenes_data_set/frames/Elevator/elevator_15/ 97 1
/opt/Datasets/YUPENN_dynamic_scenes_data_set/frames/Elevator/elevator_15/ 113 1
/opt/Datasets/YUPENN_dynamic_scenes_data_set/frames/Elevator/elevator_15/ 129 1
/opt/Datasets/YUPENN_dynamic_scenes_data_set/frames/Elevator/elevator_15/ 145 1
/opt/Datasets/YUPENN_dynamic_scenes_data_set/frames/Elevator/elevator_15/ 161 1
/opt/Datasets/YUPENN_dynamic_scenes_data_set/frames/Elevator/elevator_15/ 177 1
/opt/Datasets/YUPENN_dynamic_scenes_data_set/frames/Elevator/elevator_16/ 1 1
/opt/Datasets/YUPENN_dynamic_scenes_data_set/frames/Elevator/elevator_16/ 17 1
/opt/Datasets/YUPENN_dynamic_scenes_data_set/frames/Elevator/elevator_16/ 33 1
/opt/Datasets/YUPENN_dynamic_scenes_data_set/frames/Elevator/elevator_16/ 49 1
/opt/Datasets/YUPENN_dynamic_scenes_data_set/frames/Elevator/elevator_16/ 65 1
/opt/Datasets/YUPENN_dynamic_scenes_data_set/frames/Elevator/elevator_16/ 81 1
/opt/Datasets/YUPENN_dynamic_scenes_data_set/frames/Elevator/elevator_16/ 97 1
/opt/Datasets/YUPENN_dynamic_scenes_data_set/frames/Elevator/elevator_16/ 113 1
/opt/Datasets/YUPENN_dynamic_scenes_data_set/frames/Elevator/elevator_16/ 129 1
/opt/Datasets/YUPENN_dynamic_scenes_data_set/frames/Elevator/elevator_17/ 1 1
/opt/Datasets/YUPENN_dynamic_scenes_data_set/frames/Elevator/elevator_17/ 17 1
/opt/Datasets/YUPENN_dynamic_scenes_data_set/frames/Elevator/elevator_17/ 33 1
/opt/Datasets/YUPENN_dynamic_scenes_data_set/frames/Elevator/elevator_17/ 49 1
/opt/Datasets/YUPENN_dynamic_scenes_data_set/frames/Elevator/elevator_17/ 65 1
/opt/Datasets/YUPENN_dynamic_scenes_data_set/frames/Elevator/elevator_17/ 81 1
/opt/Datasets/YUPENN_dynamic_scenes_data_set/frames/Elevator/elevator_17/ 97 1
/opt/Datasets/YUPENN_dynamic_scenes_data_set/frames/Elevator/elevator_17/ 113 1
/opt/Datasets/YUPENN_dynamic_scenes_data_set/frames/Elevator/elevator_17/ 129 1
/opt/Datasets/YUPENN_dynamic_scenes_data_set/frames/Elevator/elevator_18/ 1 1
/opt/Datasets/YUPENN_dynamic_scenes_data_set/frames/Elevator/elevator_18/ 17 1
/opt/Datasets/YUPENN_dynamic_scenes_data_set/frames/Elevator/elevator_18/ 33 1
/opt/Datasets/YUPENN_dynamic_scenes_data_set/frames/Elevator/elevator_18/ 49 1
/opt/Datasets/YUPENN_dynamic_scenes_data_set/frames/Elevator/elevator_18/ 65 1
/opt/Datasets/YUPENN_dynamic_scenes_data_set/frames/Elevator/elevator_18/ 81 1
/opt/Datasets/YUPENN_dynamic_scenes_data_set/frames/Elevator/elevator_18/ 97 1
/opt/Datasets/YUPENN_dynamic_scenes_data_set/frames/Elevator/elevator_18/ 113 1
/opt/Datasets/YUPENN_dynamic_scenes_data_set/frames/Elevator/elevator_18/ 129 1
/opt/Datasets/YUPENN_dynamic_scenes_data_set/frames/Elevator/elevator_19/ 1 1
/opt/Datasets/YUPENN_dynamic_scenes_data_set/frames/Elevator/elevator_19/ 17 1
/opt/Datasets/YUPENN_dynamic_scenes_data_set/frames/Elevator/elevator_19/ 33 1
/opt/Datasets/YUPENN_dynamic_scenes_data_set/frames/Elevator/elevator_19/ 49 1
/opt/Datasets/YUPENN_dynamic_scenes_data_set/frames/Elevator/elevator_19/ 65 1
/opt/Datasets/YUPENN_dynamic_scenes_data_set/frames/Elevator/elevator_19/ 81 1
/opt/Datasets/YUPENN_dynamic_scenes_data_set/frames/Elevator/elevator_19/ 97 1
/opt/Datasets/YUPENN_dynamic_scenes_data_set/frames/Elevator/elevator_19/ 113 1
/opt/Datasets/YUPENN_dynamic_scenes_data_set/frames/Elevator/elevator_19/ 129 1
/opt/Datasets/YUPENN_dynamic_scenes_data_set/frames/Elevator/elevator_20/ 1 1
/opt/Datasets/YUPENN_dynamic_scenes_data_set/frames/Elevator/elevator_20/ 17 1
/opt/Datasets/YUPENN_dynamic_scenes_data_set/frames/Elevator/elevator_20/ 33 1
/opt/Datasets/YUPENN_dynamic_scenes_data_set/frames/Elevator/elevator_20/ 49 1
/opt/Datasets/YUPENN_dynamic_scenes_data_set/frames/Elevator/elevator_20/ 65 1
/opt/Datasets/YUPENN_dynamic_scenes_data_set/frames/Elevator/elevator_20/ 81 1
/opt/Datasets/YUPENN_dynamic_scenes_data_set/frames/Elevator/elevator_20/ 97 1
/opt/Datasets/YUPENN_dynamic_scenes_data_set/frames/Elevator/elevator_20/ 113 1
/opt/Datasets/YUPENN_dynamic_scenes_data_set/frames/Elevator/elevator_20/ 129 1
/opt/Datasets/YUPENN_dynamic_scenes_data_set/frames/Elevator/elevator_21/ 1 1
/opt/Datasets/YUPENN_dynamic_scenes_data_set/frames/Elevator/elevator_21/ 17 1
/opt/Datasets/YUPENN_dynamic_scenes_data_set/frames/Elevator/elevator_21/ 33 1
/opt/Datasets/YUPENN_dynamic_scenes_data_set/frames/Elevator/elevator_21/ 49 1
/opt/Datasets/YUPENN_dynamic_scenes_data_set/frames/Elevator/elevator_21/ 65 1
/opt/Datasets/YUPENN_dynamic_scenes_data_set/frames/Elevator/elevator_21/ 81 1
/opt/Datasets/YUPENN_dynamic_scenes_data_set/frames/Elevator/elevator_21/ 97 1
/opt/Datasets/YUPENN_dynamic_scenes_data_set/frames/Elevator/elevator_21/ 113 1
/opt/Datasets/YUPENN_dynamic_scenes_data_set/frames/Elevator/elevator_21/ 129 1
/opt/Datasets/YUPENN_dynamic_scenes_data_set/frames/Elevator/elevator_22/ 1 1
/opt/Datasets/YUPENN_dynamic_scenes_data_set/frames/Elevator/elevator_22/ 17 1
/opt/Datasets/YUPENN_dynamic_scenes_data_set/frames/Elevator/elevator_22/ 33 1
/opt/Datasets/YUPENN_dynamic_scenes_data_set/frames/Elevator/elevator_22/ 49 1
/opt/Datasets/YUPENN_dynamic_scenes_data_set/frames/Elevator/elevator_22/ 65 1
/opt/Datasets/YUPENN_dynamic_scenes_data_set/frames/Elevator/elevator_22/ 81 1
/opt/Datasets/YUPENN_dynamic_scenes_data_set/frames/Elevator/elevator_22/ 97 1
/opt/Datasets/YUPENN_dynamic_scenes_data_set/frames/Elevator/elevator_22/ 113 1
/opt/Datasets/YUPENN_dynamic_scenes_data_set/frames/Elevator/elevator_22/ 129 1
/opt/Datasets/YUPENN_dynamic_scenes_data_set/frames/Elevator/elevator_23/ 1 1
/opt/Datasets/YUPENN_dynamic_scenes_data_set/frames/Elevator/elevator_23/ 17 1
/opt/Datasets/YUPENN_dynamic_scenes_data_set/frames/Elevator/elevator_23/ 33 1
/opt/Datasets/YUPENN_dynamic_scenes_data_set/frames/Elevator/elevator_23/ 49 1
/opt/Datasets/YUPENN_dynamic_scenes_data_set/frames/Elevator/elevator_23/ 65 1
/opt/Datasets/YUPENN_dynamic_scenes_data_set/frames/Elevator/elevator_23/ 81 1
/opt/Datasets/YUPENN_dynamic_scenes_data_set/frames/Elevator/elevator_23/ 97 1
/opt/Datasets/YUPENN_dynamic_scenes_data_set/frames/Elevator/elevator_23/ 113 1
/opt/Datasets/YUPENN_dynamic_scenes_data_set/frames/Elevator/elevator_23/ 129 1
/opt/Datasets/YUPENN_dynamic_scenes_data_set/frames/Elevator/elevator_23/ 145 1
/opt/Datasets/YUPENN_dynamic_scenes_data_set/frames/Elevator/elevator_24/ 1 1
/opt/Datasets/YUPENN_dynamic_scenes_data_set/frames/Elevator/elevator_24/ 17 1
/opt/Datasets/YUPENN_dynamic_scenes_data_set/frames/Elevator/elevator_24/ 33 1
/opt/Datasets/YUPENN_dynamic_scenes_data_set/frames/Elevator/elevator_24/ 49 1
/opt/Datasets/YUPENN_dynamic_scenes_data_set/frames/Elevator/elevator_24/ 65 1
/opt/Datasets/YUPENN_dynamic_scenes_data_set/frames/Elevator/elevator_24/ 81 1
/opt/Datasets/YUPENN_dynamic_scenes_data_set/frames/Elevator/elevator_24/ 97 1
/opt/Datasets/YUPENN_dynamic_scenes_data_set/frames/Elevator/elevator_24/ 113 1
/opt/Datasets/YUPENN_dynamic_scenes_data_set/frames/Elevator/elevator_24/ 129 1
/opt/Datasets/YUPENN_dynamic_scenes_data_set/frames/Elevator/elevator_25/ 1 1
/opt/Datasets/YUPENN_dynamic_scenes_data_set/frames/Elevator/elevator_25/ 17 1
/opt/Datasets/YUPENN_dynamic_scenes_data_set/frames/Elevator/elevator_25/ 33 1
/opt/Datasets/YUPENN_dynamic_scenes_data_set/frames/Elevator/elevator_25/ 49 1
/opt/Datasets/YUPENN_dynamic_scenes_data_set/frames/Elevator/elevator_25/ 65 1
/opt/Datasets/YUPENN_dynamic_scenes_data_set/frames/Elevator/elevator_25/ 81 1
/opt/Datasets/YUPENN_dynamic_scenes_data_set/frames/Elevator/elevator_25/ 97 1
/opt/Datasets/YUPENN_dynamic_scenes_data_set/frames/Elevator/elevator_25/ 113 1
/opt/Datasets/YUPENN_dynamic_scenes_data_set/frames/Elevator/elevator_25/ 129 1
/opt/Datasets/YUPENN_dynamic_scenes_data_set/frames/ForestFire/forest_fire_01/ 1 2
/opt/Datasets/YUPENN_dynamic_scenes_data_set/frames/ForestFire/forest_fire_01/ 17 2
/opt/Datasets/YUPENN_dynamic_scenes_data_set/frames/ForestFire/forest_fire_01/ 33 2
/opt/Datasets/YUPENN_dynamic_scenes_data_set/frames/ForestFire/forest_fire_01/ 49 2
/opt/Datasets/YUPENN_dynamic_scenes_data_set/frames/ForestFire/forest_fire_01/ 65 2
/opt/Datasets/YUPENN_dynamic_scenes_data_set/frames/ForestFire/forest_fire_01/ 81 2
/opt/Datasets/YUPENN_dynamic_scenes_data_set/frames/ForestFire/forest_fire_01/ 97 2
/opt/Datasets/YUPENN_dynamic_scenes_data_set/frames/ForestFire/forest_fire_01/ 113 2
/opt/Datasets/YUPENN_dynamic_scenes_data_set/frames/ForestFire/forest_fire_01/ 129 2
/opt/Datasets/YUPENN_dynamic_scenes_data_set/frames/ForestFire/forest_fire_02/ 1 2
/opt/Datasets/YUPENN_dynamic_scenes_data_set/frames/ForestFire/forest_fire_02/ 17 2
/opt/Datasets/YUPENN_dynamic_scenes_data_set/frames/ForestFire/forest_fire_02/ 33 2
/opt/Datasets/YUPENN_dynamic_scenes_data_set/frames/ForestFire/forest_fire_02/ 49 2
/opt/Datasets/YUPENN_dynamic_scenes_data_set/frames/ForestFire/forest_fire_02/ 65 2
/opt/Datasets/YUPENN_dynamic_scenes_data_set/frames/ForestFire/forest_fire_02/ 81 2
/opt/Datasets/YUPENN_dynamic_scenes_data_set/frames/ForestFire/forest_fire_02/ 97 2
/opt/Datasets/YUPENN_dynamic_scenes_data_set/frames/ForestFire/forest_fire_02/ 113 2
/opt/Datasets/YUPENN_dynamic_scenes_data_set/frames/ForestFire/forest_fire_02/ 129 2
/opt/Datasets/YUPENN_dynamic_scenes_data_set/frames/ForestFire/forest_fire_03/ 1 2
/opt/Datasets/YUPENN_dynamic_scenes_data_set/frames/ForestFire/forest_fire_03/ 17 2
/opt/Datasets/YUPENN_dynamic_scenes_data_set/frames/ForestFire/forest_fire_03/ 33 2
/opt/Datasets/YUPENN_dynamic_scenes_data_set/frames/ForestFire/forest_fire_03/ 49 2
/opt/Datasets/YUPENN_dynamic_scenes_data_set/frames/ForestFire/forest_fire_04/ 1 2
/opt/Datasets/YUPENN_dynamic_scenes_data_set/frames/ForestFire/forest_fire_04/ 17 2
/opt/Datasets/YUPENN_dynamic_scenes_data_set/frames/ForestFire/forest_fire_04/ 33 2
/opt/Datasets/YUPENN_dynamic_scenes_data_set/frames/ForestFire/forest_fire_04/ 49 2
/opt/Datasets/YUPENN_dynamic_scenes_data_set/frames/ForestFire/forest_fire_04/ 65 2
/opt/Datasets/YUPENN_dynamic_scenes_data_set/frames/ForestFire/forest_fire_04/ 81 2
/opt/Datasets/YUPENN_dynamic_scenes_data_set/frames/ForestFire/forest_fire_04/ 97 2
/opt/Datasets/YUPENN_dynamic_scenes_data_set/frames/ForestFire/forest_fire_04/ 113 2
/opt/Datasets/YUPENN_dynamic_scenes_data_set/frames/ForestFire/forest_fire_05/ 1 2
/opt/Datasets/YUPENN_dynamic_scenes_data_set/frames/ForestFire/forest_fire_05/ 17 2
/opt/Datasets/YUPENN_dynamic_scenes_data_set/frames/ForestFire/forest_fire_05/ 33 2
/opt/Datasets/YUPENN_dynamic_scenes_data_set/frames/ForestFire/forest_fire_05/ 49 2
/opt/Datasets/YUPENN_dynamic_scenes_data_set/frames/ForestFire/forest_fire_05/ 65 2
/opt/Datasets/YUPENN_dynamic_scenes_data_set/frames/ForestFire/forest_fire_05/ 81 2
/opt/Datasets/YUPENN_dynamic_scenes_data_set/frames/ForestFire/forest_fire_05/ 97 2
/opt/Datasets/YUPENN_dynamic_scenes_data_set/frames/ForestFire/forest_fire_05/ 113 2
/opt/Datasets/YUPENN_dynamic_scenes_data_set/frames/ForestFire/forest_fire_05/ 129 2
/opt/Datasets/YUPENN_dynamic_scenes_data_set/frames/ForestFire/forest_fire_06/ 1 2
/opt/Datasets/YUPENN_dynamic_scenes_data_set/frames/ForestFire/forest_fire_06/ 17 2
/opt/Datasets/YUPENN_dynamic_scenes_data_set/frames/ForestFire/forest_fire_06/ 33 2
/opt/Datasets/YUPENN_dynamic_scenes_data_set/frames/ForestFire/forest_fire_06/ 49 2
/opt/Datasets/YUPENN_dynamic_scenes_data_set/frames/ForestFire/forest_fire_06/ 65 2
/opt/Datasets/YUPENN_dynamic_scenes_data_set/frames/ForestFire/forest_fire_06/ 81 2
/opt/Datasets/YUPENN_dynamic_scenes_data_set/frames/ForestFire/forest_fire_06/ 97 2
/opt/Datasets/YUPENN_dynamic_scenes_data_set/frames/ForestFire/forest_fire_06/ 113 2
/opt/Datasets/YUPENN_dynamic_scenes_data_set/frames/ForestFire/forest_fire_06/ 129 2
/opt/Datasets/YUPENN_dynamic_scenes_data_set/frames/ForestFire/forest_fire_07/ 1 2
/opt/Datasets/YUPENN_dynamic_scenes_data_set/frames/ForestFire/forest_fire_07/ 17 2
/opt/Datasets/YUPENN_dynamic_scenes_data_set/frames/ForestFire/forest_fire_07/ 33 2
/opt/Datasets/YUPENN_dynamic_scenes_data_set/frames/ForestFire/forest_fire_07/ 49 2
/opt/Datasets/YUPENN_dynamic_scenes_data_set/frames/ForestFire/forest_fire_07/ 65 2
/opt/Datasets/YUPENN_dynamic_scenes_data_set/frames/ForestFire/forest_fire_07/ 81 2
/opt/Datasets/YUPENN_dynamic_scenes_data_set/frames/ForestFire/forest_fire_07/ 97 2
/opt/Datasets/YUPENN_dynamic_scenes_data_set/frames/ForestFire/forest_fire_07/ 113 2
/opt/Datasets/YUPENN_dynamic_scenes_data_set/frames/ForestFire/forest_fire_07/ 129 2
/opt/Datasets/YUPENN_dynamic_scenes_data_set/frames/ForestFire/forest_fire_08/ 1 2
/opt/Datasets/YUPENN_dynamic_scenes_data_set/frames/ForestFire/forest_fire_08/ 17 2
/opt/Datasets/YUPENN_dynamic_scenes_data_set/frames/ForestFire/forest_fire_08/ 33 2
/opt/Datasets/YUPENN_dynamic_scenes_data_set/frames/ForestFire/forest_fire_08/ 49 2
/opt/Datasets/YUPENN_dynamic_scenes_data_set/frames/ForestFire/forest_fire_08/ 65 2
/opt/Datasets/YUPENN_dynamic_scenes_data_set/frames/ForestFire/forest_fire_08/ 81 2
/opt/Datasets/YUPENN_dynamic_scenes_data_set/frames/ForestFire/forest_fire_08/ 97 2
/opt/Datasets/YUPENN_dynamic_scenes_data_set/frames/ForestFire/forest_fire_08/ 113 2
/opt/Datasets/YUPENN_dynamic_scenes_data_set/frames/ForestFire/forest_fire_08/ 129 2
/opt/Datasets/YUPENN_dynamic_scenes_data_set/frames/ForestFire/forest_fire_09/ 1 2
/opt/Datasets/YUPENN_dynamic_scenes_data_set/frames/ForestFire/forest_fire_09/ 17 2
/opt/Datasets/YUPENN_dynamic_scenes_data_set/frames/ForestFire/forest_fire_09/ 33 2
/opt/Datasets/YUPENN_dynamic_scenes_data_set/frames/ForestFire/forest_fire_09/ 49 2
/opt/Datasets/YUPENN_dynamic_scenes_data_set/frames/ForestFire/forest_fire_09/ 65 2
/opt/Datasets/YUPENN_dynamic_scenes_data_set/frames/ForestFire/forest_fire_09/ 81 2
/opt/Datasets/YUPENN_dynamic_scenes_data_set/frames/ForestFire/forest_fire_09/ 97 2
/opt/Datasets/YUPENN_dynamic_scenes_data_set/frames/ForestFire/forest_fire_09/ 113 2
/opt/Datasets/YUPENN_dynamic_scenes_data_set/frames/ForestFire/forest_fire_09/ 129 2
/opt/Datasets/YUPENN_dynamic_scenes_data_set/frames/ForestFire/forest_fire_10/ 1 2
/opt/Datasets/YUPENN_dynamic_scenes_data_set/frames/ForestFire/forest_fire_10/ 17 2
/opt/Datasets/YUPENN_dynamic_scenes_data_set/frames/ForestFire/forest_fire_10/ 33 2
/opt/Datasets/YUPENN_dynamic_scenes_data_set/frames/ForestFire/forest_fire_10/ 49 2
/opt/Datasets/YUPENN_dynamic_scenes_data_set/frames/ForestFire/forest_fire_10/ 65 2
/opt/Datasets/YUPENN_dynamic_scenes_data_set/frames/ForestFire/forest_fire_10/ 81 2
/opt/Datasets/YUPENN_dynamic_scenes_data_set/frames/ForestFire/forest_fire_10/ 97 2
/opt/Datasets/YUPENN_dynamic_scenes_data_set/frames/ForestFire/forest_fire_10/ 113 2
/opt/Datasets/YUPENN_dynamic_scenes_data_set/frames/ForestFire/forest_fire_11/ 1 2
/opt/Datasets/YUPENN_dynamic_scenes_data_set/frames/ForestFire/forest_fire_11/ 17 2
/opt/Datasets/YUPENN_dynamic_scenes_data_set/frames/ForestFire/forest_fire_11/ 33 2
/opt/Datasets/YUPENN_dynamic_scenes_data_set/frames/ForestFire/forest_fire_11/ 49 2
/opt/Datasets/YUPENN_dynamic_scenes_data_set/frames/ForestFire/forest_fire_11/ 65 2
/opt/Datasets/YUPENN_dynamic_scenes_data_set/frames/ForestFire/forest_fire_12/ 1 2
/opt/Datasets/YUPENN_dynamic_scenes_data_set/frames/ForestFire/forest_fire_12/ 17 2
/opt/Datasets/YUPENN_dynamic_scenes_data_set/frames/ForestFire/forest_fire_12/ 33 2
/opt/Datasets/YUPENN_dynamic_scenes_data_set/frames/ForestFire/forest_fire_13/ 1 2
/opt/Datasets/YUPENN_dynamic_scenes_data_set/frames/ForestFire/forest_fire_13/ 17 2
/opt/Datasets/YUPENN_dynamic_scenes_data_set/frames/ForestFire/forest_fire_13/ 33 2
/opt/Datasets/YUPENN_dynamic_scenes_data_set/frames/ForestFire/forest_fire_13/ 49 2
/opt/Datasets/YUPENN_dynamic_scenes_data_set/frames/ForestFire/forest_fire_13/ 65 2
/opt/Datasets/YUPENN_dynamic_scenes_data_set/frames/ForestFire/forest_fire_13/ 81 2
/opt/Datasets/YUPENN_dynamic_scenes_data_set/frames/ForestFire/forest_fire_13/ 97 2
/opt/Datasets/YUPENN_dynamic_scenes_data_set/frames/ForestFire/forest_fire_13/ 113 2
/opt/Datasets/YUPENN_dynamic_scenes_data_set/frames/ForestFire/forest_fire_14/ 1 2
/opt/Datasets/YUPENN_dynamic_scenes_data_set/frames/ForestFire/forest_fire_14/ 17 2
/opt/Datasets/YUPENN_dynamic_scenes_data_set/frames/ForestFire/forest_fire_14/ 33 2
/opt/Datasets/YUPENN_dynamic_scenes_data_set/frames/ForestFire/forest_fire_14/ 49 2
/opt/Datasets/YUPENN_dynamic_scenes_data_set/frames/ForestFire/forest_fire_14/ 65 2
/opt/Datasets/YUPENN_dynamic_scenes_data_set/frames/ForestFire/forest_fire_14/ 81 2
/opt/Datasets/YUPENN_dynamic_scenes_data_set/frames/ForestFire/forest_fire_15/ 1 2
/opt/Datasets/YUPENN_dynamic_scenes_data_set/frames/ForestFire/forest_fire_15/ 17 2
/opt/Datasets/YUPENN_dynamic_scenes_data_set/frames/ForestFire/forest_fire_15/ 33 2
/opt/Datasets/YUPENN_dynamic_scenes_data_set/frames/ForestFire/forest_fire_15/ 49 2
/opt/Datasets/YUPENN_dynamic_scenes_data_set/frames/ForestFire/forest_fire_15/ 65 2
/opt/Datasets/YUPENN_dynamic_scenes_data_set/frames/ForestFire/forest_fire_15/ 81 2
/opt/Datasets/YUPENN_dynamic_scenes_data_set/frames/ForestFire/forest_fire_16/ 1 2
/opt/Datasets/YUPENN_dynamic_scenes_data_set/frames/ForestFire/forest_fire_16/ 17 2
/opt/Datasets/YUPENN_dynamic_scenes_data_set/frames/ForestFire/forest_fire_16/ 33 2
/opt/Datasets/YUPENN_dynamic_scenes_data_set/frames/ForestFire/forest_fire_17/ 1 2
/opt/Datasets/YUPENN_dynamic_scenes_data_set/frames/ForestFire/forest_fire_17/ 17 2
/opt/Datasets/YUPENN_dynamic_scenes_data_set/frames/ForestFire/forest_fire_17/ 33 2
/opt/Datasets/YUPENN_dynamic_scenes_data_set/frames/ForestFire/forest_fire_18/ 1 2
/opt/Datasets/YUPENN_dynamic_scenes_data_set/frames/ForestFire/forest_fire_18/ 17 2
/opt/Datasets/YUPENN_dynamic_scenes_data_set/frames/ForestFire/forest_fire_18/ 33 2
/opt/Datasets/YUPENN_dynamic_scenes_data_set/frames/ForestFire/forest_fire_18/ 49 2
/opt/Datasets/YUPENN_dynamic_scenes_data_set/frames/ForestFire/forest_fire_18/ 65 2
/opt/Datasets/YUPENN_dynamic_scenes_data_set/frames/ForestFire/forest_fire_18/ 81 2
/opt/Datasets/YUPENN_dynamic_scenes_data_set/frames/ForestFire/forest_fire_18/ 97 2
/opt/Datasets/YUPENN_dynamic_scenes_data_set/frames/ForestFire/forest_fire_19/ 1 2
/opt/Datasets/YUPENN_dynamic_scenes_data_set/frames/ForestFire/forest_fire_19/ 17 2
/opt/Datasets/YUPENN_dynamic_scenes_data_set/frames/ForestFire/forest_fire_19/ 33 2
/opt/Datasets/YUPENN_dynamic_scenes_data_set/frames/ForestFire/forest_fire_20/ 1 2
/opt/Datasets/YUPENN_dynamic_scenes_data_set/frames/ForestFire/forest_fire_20/ 17 2
/opt/Datasets/YUPENN_dynamic_scenes_data_set/frames/ForestFire/forest_fire_20/ 33 2
/opt/Datasets/YUPENN_dynamic_scenes_data_set/frames/ForestFire/forest_fire_20/ 49 2
/opt/Datasets/YUPENN_dynamic_scenes_data_set/frames/ForestFire/forest_fire_21/ 1 2
/opt/Datasets/YUPENN_dynamic_scenes_data_set/frames/ForestFire/forest_fire_21/ 17 2
/opt/Datasets/YUPENN_dynamic_scenes_data_set/frames/ForestFire/forest_fire_21/ 33 2
/opt/Datasets/YUPENN_dynamic_scenes_data_set/frames/ForestFire/forest_fire_21/ 49 2
/opt/Datasets/YUPENN_dynamic_scenes_data_set/frames/ForestFire/forest_fire_22/ 1 2
/opt/Datasets/YUPENN_dynamic_scenes_data_set/frames/ForestFire/forest_fire_22/ 17 2
/opt/Datasets/YUPENN_dynamic_scenes_data_set/frames/ForestFire/forest_fire_22/ 33 2
/opt/Datasets/YUPENN_dynamic_scenes_data_set/frames/ForestFire/forest_fire_22/ 49 2
/opt/Datasets/YUPENN_dynamic_scenes_data_set/frames/ForestFire/forest_fire_23/ 1 2
/opt/Datasets/YUPENN_dynamic_scenes_data_set/frames/ForestFire/forest_fire_23/ 17 2
/opt/Datasets/YUPENN_dynamic_scenes_data_set/frames/ForestFire/forest_fire_23/ 33 2
/opt/Datasets/YUPENN_dynamic_scenes_data_set/frames/ForestFire/forest_fire_24/ 1 2
/opt/Datasets/YUPENN_dynamic_scenes_data_set/frames/ForestFire/forest_fire_24/ 17 2
/opt/Datasets/YUPENN_dynamic_scenes_data_set/frames/ForestFire/forest_fire_25/ 1 2
/opt/Datasets/YUPENN_dynamic_scenes_data_set/frames/ForestFire/forest_fire_25/ 17 2
/opt/Datasets/YUPENN_dynamic_scenes_data_set/frames/ForestFire/forest_fire_25/ 33 2
/opt/Datasets/YUPENN_dynamic_scenes_data_set/frames/ForestFire/forest_fire_25/ 49 2
/opt/Datasets/YUPENN_dynamic_scenes_data_set/frames/ForestFire/forest_fire_25/ 65 2
/opt/Datasets/YUPENN_dynamic_scenes_data_set/frames/ForestFire/forest_fire_25/ 81 2
