/media/6TB/Videos/UCF-101/ApplyEyeMakeup/v_ApplyEyeMakeup_g01_c05/ 49 0
/media/6TB/Videos/UCF-101/ApplyEyeMakeup/v_ApplyEyeMakeup_g01_c05/ 65 0
/media/6TB/Videos/UCF-101/ApplyEyeMakeup/v_ApplyEyeMakeup_g01_c05/ 81 0
/media/6TB/Videos/UCF-101/ApplyEyeMakeup/v_ApplyEyeMakeup_g01_c05/ 97 0
/media/6TB/Videos/UCF-101/ApplyEyeMakeup/v_ApplyEyeMakeup_g01_c05/ 113 0
/media/6TB/Videos/UCF-101/ApplyEyeMakeup/v_ApplyEyeMakeup_g01_c05/ 129 0
/media/6TB/Videos/UCF-101/ApplyEyeMakeup/v_ApplyEyeMakeup_g01_c05/ 145 0
/media/6TB/Videos/UCF-101/ApplyEyeMakeup/v_ApplyEyeMakeup_g01_c05/ 161 0
/media/6TB/Videos/UCF-101/ApplyEyeMakeup/v_ApplyEyeMakeup_g01_c05/ 177 0
/media/6TB/Videos/UCF-101/ApplyEyeMakeup/v_ApplyEyeMakeup_g01_c05/ 193 0
/media/6TB/Videos/UCF-101/ApplyEyeMakeup/v_ApplyEyeMakeup_g01_c05/ 209 0
/media/6TB/Videos/UCF-101/ApplyEyeMakeup/v_ApplyEyeMakeup_g01_c05/ 225 0
/media/6TB/Videos/UCF-101/ApplyEyeMakeup/v_ApplyEyeMakeup_g01_c05/ 241 0
/media/6TB/Videos/UCF-101/ApplyEyeMakeup/v_ApplyEyeMakeup_g01_c05/ 257 0
/media/6TB/Videos/UCF-101/ApplyEyeMakeup/v_ApplyEyeMakeup_g01_c05/ 273 0
/media/6TB/Videos/UCF-101/ApplyEyeMakeup/v_ApplyEyeMakeup_g01_c06/ 1 0
/media/6TB/Videos/UCF-101/ApplyEyeMakeup/v_ApplyEyeMakeup_g01_c06/ 17 0
/media/6TB/Videos/UCF-101/ApplyEyeMakeup/v_ApplyEyeMakeup_g01_c06/ 33 0
/media/6TB/Videos/UCF-101/ApplyEyeMakeup/v_ApplyEyeMakeup_g01_c06/ 49 0
/media/6TB/Videos/UCF-101/ApplyEyeMakeup/v_ApplyEyeMakeup_g01_c06/ 65 0
/media/6TB/Videos/UCF-101/ApplyEyeMakeup/v_ApplyEyeMakeup_g01_c06/ 81 0
/media/6TB/Videos/UCF-101/ApplyEyeMakeup/v_ApplyEyeMakeup_g01_c06/ 97 0
/media/6TB/Videos/UCF-101/ApplyEyeMakeup/v_ApplyEyeMakeup_g02_c01/ 1 0
/media/6TB/Videos/UCF-101/ApplyEyeMakeup/v_ApplyEyeMakeup_g02_c01/ 17 0
/media/6TB/Videos/UCF-101/ApplyEyeMakeup/v_ApplyEyeMakeup_g02_c01/ 33 0
/media/6TB/Videos/UCF-101/ApplyEyeMakeup/v_ApplyEyeMakeup_g02_c01/ 49 0
/media/6TB/Videos/UCF-101/ApplyEyeMakeup/v_ApplyEyeMakeup_g02_c01/ 65 0
/media/6TB/Videos/UCF-101/ApplyEyeMakeup/v_ApplyEyeMakeup_g02_c01/ 81 0
/media/6TB/Videos/UCF-101/ApplyEyeMakeup/v_ApplyEyeMakeup_g02_c01/ 97 0
/media/6TB/Videos/UCF-101/ApplyEyeMakeup/v_ApplyEyeMakeup_g02_c01/ 113 0
/media/6TB/Videos/UCF-101/ApplyEyeMakeup/v_ApplyEyeMakeup_g02_c01/ 129 0
/media/6TB/Videos/UCF-101/ApplyEyeMakeup/v_ApplyEyeMakeup_g02_c01/ 145 0
/media/6TB/Videos/UCF-101/ApplyEyeMakeup/v_ApplyEyeMakeup_g02_c02/ 1 0
/media/6TB/Videos/UCF-101/ApplyEyeMakeup/v_ApplyEyeMakeup_g02_c02/ 17 0
/media/6TB/Videos/UCF-101/ApplyEyeMakeup/v_ApplyEyeMakeup_g02_c02/ 33 0
/media/6TB/Videos/UCF-101/ApplyEyeMakeup/v_ApplyEyeMakeup_g02_c02/ 49 0
/media/6TB/Videos/UCF-101/ApplyEyeMakeup/v_ApplyEyeMakeup_g02_c02/ 65 0
/media/6TB/Videos/UCF-101/ApplyEyeMakeup/v_ApplyEyeMakeup_g02_c02/ 81 0
/media/6TB/Videos/UCF-101/ApplyEyeMakeup/v_ApplyEyeMakeup_g02_c02/ 97 0
/media/6TB/Videos/UCF-101/ApplyEyeMakeup/v_ApplyEyeMakeup_g02_c02/ 113 0
/media/6TB/Videos/UCF-101/ApplyEyeMakeup/v_ApplyEyeMakeup_g02_c02/ 129 0
/media/6TB/Videos/UCF-101/ApplyEyeMakeup/v_ApplyEyeMakeup_g02_c03/ 1 0
/media/6TB/Videos/UCF-101/ApplyEyeMakeup/v_ApplyEyeMakeup_g02_c03/ 17 0
/media/6TB/Videos/UCF-101/ApplyEyeMakeup/v_ApplyEyeMakeup_g02_c03/ 33 0
/media/6TB/Videos/UCF-101/ApplyEyeMakeup/v_ApplyEyeMakeup_g02_c03/ 49 0
/media/6TB/Videos/UCF-101/ApplyEyeMakeup/v_ApplyEyeMakeup_g02_c03/ 65 0
/media/6TB/Videos/UCF-101/ApplyEyeMakeup/v_ApplyEyeMakeup_g02_c03/ 81 0
/media/6TB/Videos/UCF-101/ApplyEyeMakeup/v_ApplyEyeMakeup_g02_c03/ 97 0
/media/6TB/Videos/UCF-101/ApplyEyeMakeup/v_ApplyEyeMakeup_g02_c03/ 113 0
/media/6TB/Videos/UCF-101/ApplyEyeMakeup/v_ApplyEyeMakeup_g02_c03/ 129 0
